Archive member included to satisfy reference by file (symbol)

c:/ac6/systemworkbench/plugins/fr.ac6.mcu.externaltools.arm-none.win32_1.17.0.201812190825/tools/compiler/bin/../lib/gcc/arm-none-eabi/7.3.1/../../../../arm-none-eabi/lib/thumb/v7-m\libc.a(lib_a-errno.o)
                              lib/bsp/stm32f1_sys.o (__errno)
c:/ac6/systemworkbench/plugins/fr.ac6.mcu.externaltools.arm-none.win32_1.17.0.201812190825/tools/compiler/bin/../lib/gcc/arm-none-eabi/7.3.1/../../../../arm-none-eabi/lib/thumb/v7-m\libc.a(lib_a-exit.o)
                              c:/ac6/systemworkbench/plugins/fr.ac6.mcu.externaltools.arm-none.win32_1.17.0.201812190825/tools/compiler/bin/../lib/gcc/arm-none-eabi/7.3.1/../../../../arm-none-eabi/lib/thumb/v7-m/crt0.o (exit)
c:/ac6/systemworkbench/plugins/fr.ac6.mcu.externaltools.arm-none.win32_1.17.0.201812190825/tools/compiler/bin/../lib/gcc/arm-none-eabi/7.3.1/../../../../arm-none-eabi/lib/thumb/v7-m\libc.a(lib_a-impure.o)
                              c:/ac6/systemworkbench/plugins/fr.ac6.mcu.externaltools.arm-none.win32_1.17.0.201812190825/tools/compiler/bin/../lib/gcc/arm-none-eabi/7.3.1/../../../../arm-none-eabi/lib/thumb/v7-m\libc.a(lib_a-exit.o) (_global_impure_ptr)
c:/ac6/systemworkbench/plugins/fr.ac6.mcu.externaltools.arm-none.win32_1.17.0.201812190825/tools/compiler/bin/../lib/gcc/arm-none-eabi/7.3.1/../../../../arm-none-eabi/lib/thumb/v7-m\libc.a(lib_a-init.o)
                              c:/ac6/systemworkbench/plugins/fr.ac6.mcu.externaltools.arm-none.win32_1.17.0.201812190825/tools/compiler/bin/../lib/gcc/arm-none-eabi/7.3.1/../../../../arm-none-eabi/lib/thumb/v7-m/crt0.o (__libc_init_array)
c:/ac6/systemworkbench/plugins/fr.ac6.mcu.externaltools.arm-none.win32_1.17.0.201812190825/tools/compiler/bin/../lib/gcc/arm-none-eabi/7.3.1/../../../../arm-none-eabi/lib/thumb/v7-m\libc.a(lib_a-malloc.o)
                              lib/bsp/stm32f1_sys.o (malloc)
c:/ac6/systemworkbench/plugins/fr.ac6.mcu.externaltools.arm-none.win32_1.17.0.201812190825/tools/compiler/bin/../lib/gcc/arm-none-eabi/7.3.1/../../../../arm-none-eabi/lib/thumb/v7-m\libc.a(lib_a-mallocr.o)
                              c:/ac6/systemworkbench/plugins/fr.ac6.mcu.externaltools.arm-none.win32_1.17.0.201812190825/tools/compiler/bin/../lib/gcc/arm-none-eabi/7.3.1/../../../../arm-none-eabi/lib/thumb/v7-m\libc.a(lib_a-malloc.o) (_malloc_r)
c:/ac6/systemworkbench/plugins/fr.ac6.mcu.externaltools.arm-none.win32_1.17.0.201812190825/tools/compiler/bin/../lib/gcc/arm-none-eabi/7.3.1/../../../../arm-none-eabi/lib/thumb/v7-m\libc.a(lib_a-memset.o)
                              c:/ac6/systemworkbench/plugins/fr.ac6.mcu.externaltools.arm-none.win32_1.17.0.201812190825/tools/compiler/bin/../lib/gcc/arm-none-eabi/7.3.1/../../../../arm-none-eabi/lib/thumb/v7-m/crt0.o (memset)
c:/ac6/systemworkbench/plugins/fr.ac6.mcu.externaltools.arm-none.win32_1.17.0.201812190825/tools/compiler/bin/../lib/gcc/arm-none-eabi/7.3.1/../../../../arm-none-eabi/lib/thumb/v7-m\libc.a(lib_a-mlock.o)
                              c:/ac6/systemworkbench/plugins/fr.ac6.mcu.externaltools.arm-none.win32_1.17.0.201812190825/tools/compiler/bin/../lib/gcc/arm-none-eabi/7.3.1/../../../../arm-none-eabi/lib/thumb/v7-m\libc.a(lib_a-mallocr.o) (__malloc_lock)
c:/ac6/systemworkbench/plugins/fr.ac6.mcu.externaltools.arm-none.win32_1.17.0.201812190825/tools/compiler/bin/../lib/gcc/arm-none-eabi/7.3.1/../../../../arm-none-eabi/lib/thumb/v7-m\libc.a(lib_a-printf.o)
                              lib/bsp/stm32f1_spi.o (printf)
c:/ac6/systemworkbench/plugins/fr.ac6.mcu.externaltools.arm-none.win32_1.17.0.201812190825/tools/compiler/bin/../lib/gcc/arm-none-eabi/7.3.1/../../../../arm-none-eabi/lib/thumb/v7-m\libc.a(lib_a-setvbuf.o)
                              lib/bsp/stm32f1_uart.o (setvbuf)
c:/ac6/systemworkbench/plugins/fr.ac6.mcu.externaltools.arm-none.win32_1.17.0.201812190825/tools/compiler/bin/../lib/gcc/arm-none-eabi/7.3.1/../../../../arm-none-eabi/lib/thumb/v7-m\libc.a(lib_a-strlen-stub.o)
                              lib/bsp/stm32f1_uart.o (strlen)
c:/ac6/systemworkbench/plugins/fr.ac6.mcu.externaltools.arm-none.win32_1.17.0.201812190825/tools/compiler/bin/../lib/gcc/arm-none-eabi/7.3.1/../../../../arm-none-eabi/lib/thumb/v7-m\libc.a(lib_a-vfprintf.o)
                              c:/ac6/systemworkbench/plugins/fr.ac6.mcu.externaltools.arm-none.win32_1.17.0.201812190825/tools/compiler/bin/../lib/gcc/arm-none-eabi/7.3.1/../../../../arm-none-eabi/lib/thumb/v7-m\libc.a(lib_a-printf.o) (_vfprintf_r)
c:/ac6/systemworkbench/plugins/fr.ac6.mcu.externaltools.arm-none.win32_1.17.0.201812190825/tools/compiler/bin/../lib/gcc/arm-none-eabi/7.3.1/../../../../arm-none-eabi/lib/thumb/v7-m\libc.a(lib_a-vsnprintf.o)
                              lib/bsp/stm32f1_sys.o (vsnprintf)
[...]
Memory Configuration

Name             Origin             Length             Attributes
FLASH            0x08000000         0x00020000         xr
RAM              0x20000000         0x00005000         xrw
*default*        0x00000000         0xffffffff

Linker script and memory map

LOAD c:/ac6/systemworkbench/plugins/fr.ac6.mcu.externaltools.arm-none.win32_1.17.0.201812190825/tools/compiler/bin/../lib/gcc/arm-none-eabi/7.3.1/thumb/v7-m/crti.o
LOAD c:/ac6/systemworkbench/plugins/fr.ac6.mcu.externaltools.arm-none.win32_1.17.0.201812190825/tools/compiler/bin/../lib/gcc/arm-none-eabi/7.3.1/thumb/v7-m/crtbegin.o
LOAD c:/ac6/systemworkbench/plugins/fr.ac6.mcu.externaltools.arm-none.win32_1.17.0.201812190825/tools/compiler/bin/../lib/gcc/arm-none-eabi/7.3.1/../../../../arm-none-eabi/lib/thumb/v7-m/crt0.o
LOAD appli/main.o
LOAD lib/bsp/MPU6050/stm32f1_mpu6050.o
LOAD lib/bsp/stm32f1_adc.o
LOAD lib/bsp/stm32f1_gpio.o
LOAD lib/bsp/stm32f1_i2c.o
LOAD lib/bsp/stm32f1_rtc.o
LOAD lib/bsp/stm32f1_spi.o
LOAD lib/bsp/stm32f1_sys.o
LOAD lib/bsp/stm32f1_timer.o
LOAD lib/bsp/stm32f1_uart.o
LOAD lib/bsp/stm32f1_weak_it.o
LOAD lib/bsp/stm32f1xx_nucleo.o
LOAD lib/bsp/system_stm32f1xx.o
LOAD lib/bsp/systick.o
LOAD lib/bsp/tft_ili9341/stm32f1_fonts.o
LOAD lib/bsp/tft_ili9341/stm32f1_ili9341.o
LOAD lib/bsp/tft_ili9341/stm32f1_xpt2046.o
LOAD lib/hal/src/Legacy/stm32f1xx_hal_can.o
LOAD lib/hal/src/stm32f1xx_hal.o
LOAD lib/hal/src/stm32f1xx_hal_adc.o
LOAD lib/hal/src/stm32f1xx_hal_adc_ex.o
LOAD lib/hal/src/stm32f1xx_hal_can.o
LOAD lib/hal/src/stm32f1xx_hal_cec.o
LOAD lib/hal/src/stm32f1xx_hal_cortex.o
LOAD lib/hal/src/stm32f1xx_hal_crc.o
LOAD lib/hal/src/stm32f1xx_hal_dac.o
LOAD lib/hal/src/stm32f1xx_hal_dac_ex.o
LOAD lib/hal/src/stm32f1xx_hal_dma.o
LOAD lib/hal/src/stm32f1xx_hal_eth.o
LOAD lib/hal/src/stm32f1xx_hal_flash.o
LOAD lib/hal/src/stm32f1xx_hal_flash_ex.o
LOAD lib/hal/src/stm32f1xx_hal_gpio.o
LOAD lib/hal/src/stm32f1xx_hal_gpio_ex.o
LOAD lib/hal/src/stm32f1xx_hal_hcd.o
LOAD lib/hal/src/stm32f1xx_hal_i2c.o
LOAD lib/hal/src/stm32f1xx_hal_i2s.o
LOAD lib/hal/src/stm32f1xx_hal_irda.o
LOAD lib/hal/src/stm32f1xx_hal_iwdg.o
LOAD lib/hal/src/stm32f1xx_hal_mmc.o
LOAD lib/hal/src/stm32f1xx_hal_msp_template.o
LOAD lib/hal/src/stm32f1xx_hal_nand.o
LOAD lib/hal/src/stm32f1xx_hal_nor.o
LOAD lib/hal/src/stm32f1xx_hal_pccard.o
LOAD lib/hal/src/stm32f1xx_hal_pcd.o
LOAD lib/hal/src/stm32f1xx_hal_pcd_ex.o
LOAD lib/hal/src/stm32f1xx_hal_pwr.o
LOAD lib/hal/src/stm32f1xx_hal_rcc.o
LOAD lib/hal/src/stm32f1xx_hal_rcc_ex.o
LOAD lib/hal/src/stm32f1xx_hal_rtc.o
LOAD lib/hal/src/stm32f1xx_hal_rtc_ex.o
LOAD lib/hal/src/stm32f1xx_hal_sd.o
LOAD lib/hal/src/stm32f1xx_hal_smartcard.o
LOAD lib/hal/src/stm32f1xx_hal_spi.o
LOAD lib/hal/src/stm32f1xx_hal_spi_ex.o
LOAD lib/hal/src/stm32f1xx_hal_sram.o
LOAD lib/hal/src/stm32f1xx_hal_tim.o
LOAD lib/hal/src/stm32f1xx_hal_tim_ex.o
LOAD lib/hal/src/stm32f1xx_hal_uart.o
LOAD lib/hal/src/stm32f1xx_hal_usart.o
LOAD lib/hal/src/stm32f1xx_hal_wwdg.o
LOAD lib/hal/src/stm32f1xx_ll_adc.o
LOAD lib/hal/src/stm32f1xx_ll_crc.o
LOAD lib/hal/src/stm32f1xx_ll_dac.o
LOAD lib/hal/src/stm32f1xx_ll_dma.o
LOAD lib/hal/src/stm32f1xx_ll_exti.o
LOAD lib/hal/src/stm32f1xx_ll_fsmc.o
LOAD lib/hal/src/stm32f1xx_ll_gpio.o
LOAD lib/hal/src/stm32f1xx_ll_i2c.o
LOAD lib/hal/src/stm32f1xx_ll_pwr.o
LOAD lib/hal/src/stm32f1xx_ll_rcc.o
LOAD lib/hal/src/stm32f1xx_ll_rtc.o
LOAD lib/hal/src/stm32f1xx_ll_sdmmc.o
LOAD lib/hal/src/stm32f1xx_ll_spi.o
LOAD lib/hal/src/stm32f1xx_ll_tim.o
LOAD lib/hal/src/stm32f1xx_ll_usart.o
LOAD lib/hal/src/stm32f1xx_ll_usb.o
LOAD lib/hal/src/stm32f1xx_ll_utils.o
LOAD lib/startup_stm32f103xb.o
LOAD c:/ac6/systemworkbench/plugins/fr.ac6.mcu.externaltools.arm-none.win32_1.17.0.201812190825/tools/compiler/bin/../lib/gcc/arm-none-eabi/7.3.1/../../../../arm-none-eabi/lib/thumb/v7-m\libm.a
START GROUP
LOAD c:/ac6/systemworkbench/plugins/fr.ac6.mcu.externaltools.arm-none.win32_1.17.0.201812190825/tools/compiler/bin/../lib/gcc/arm-none-eabi/7.3.1/thumb/v7-m\libgcc.a
LOAD c:/ac6/systemworkbench/plugins/fr.ac6.mcu.externaltools.arm-none.win32_1.17.0.201812190825/tools/compiler/bin/../lib/gcc/arm-none-eabi/7.3.1/../../../../arm-none-eabi/lib/thumb/v7-m\libc.a
END GROUP
LOAD c:/ac6/systemworkbench/plugins/fr.ac6.mcu.externaltools.arm-none.win32_1.17.0.201812190825/tools/compiler/bin/../lib/gcc/arm-none-eabi/7.3.1/thumb/v7-m/crtend.o
LOAD c:/ac6/systemworkbench/plugins/fr.ac6.mcu.externaltools.arm-none.win32_1.17.0.201812190825/tools/compiler/bin/../lib/gcc/arm-none-eabi/7.3.1/thumb/v7-m/crtn.o
                0x20005000                _estack = 0x20005000
                0x00000200                _Min_Heap_Size = 0x200
                0x00000400                _Min_Stack_Size = 0x400

.isr_vector     0x08000000      0x10c
                0x08000000                . = ALIGN (0x4)
 *(.isr_vector)
 .isr_vector    0x08000000      0x10c lib/startup_stm32f103xb.o
                0x08000000                g_pfnVectors
                0x0800010c                . = ALIGN (0x4)

.text           0x08000110     0x960c
                0x08000110                . = ALIGN (0x4)
 *(.text)
 .text          0x08000110       0x40 c:/ac6/systemworkbench/plugins/fr.ac6.mcu.externaltools.arm-none.win32_1.17.0.201812190825/tools/compiler/bin/../lib/gcc/arm-none-eabi/7.3.1/thumb/v7-m/crtbegin.o
 .text          0x08000150       0xec c:/ac6/systemworkbench/plugins/fr.ac6.mcu.externaltools.arm-none.win32_1.17.0.201812190825/tools/compiler/bin/../lib/gcc/arm-none-eabi/7.3.1/../../../../arm-none-eabi/lib/thumb/v7-m\libc.a(lib_a-memcpy.o)
                0x08000150                memcpy
 .text          0x0800023c      0x378 c:/ac6/systemworkbench/plugins/fr.ac6.mcu.externaltools.arm-none.win32_1.17.0.201812190825/tools/compiler/bin/../lib/gcc/arm-none-eabi/7.3.1/thumb/v7-m\libgcc.a(_arm_addsubdf3.o)
                0x0800023c                __aeabi_drsub
                0x08000244                __aeabi_dsub
                0x08000244                __subdf3
                0x08000248                __aeabi_dadd
                0x08000248                __adddf3
                0x080004c0                __floatunsidf
                0x080004c0                __aeabi_ui2d
                0x080004e0                __floatsidf
                0x080004e0                __aeabi_i2d
                0x08000504                __aeabi_f2d
                0x08000504                __extendsfdf2
                0x08000548                __floatundidf
                0x08000548                __aeabi_ul2d
                0x08000558                __floatdidf
                0x08000558                __aeabi_l2d
 .text          0x080005b4      0x424 c:/ac6/systemworkbench/plugins/fr.ac6.mcu.externaltools.arm-none.win32_1.17.0.201812190825/tools/compiler/bin/../lib/gcc/arm-none-eabi/7.3.1/thumb/v7-m\libgcc.a(_arm_muldivdf3.o)
                0x080005b4                __aeabi_dmul
                0x080005b4                __muldf3
                0x08000808                __divdf3
                0x08000808                __aeabi_ddiv
 .text          0x080009d8      0x110 c:/ac6/systemworkbench/plugins/fr.ac6.mcu.externaltools.arm-none.win32_1.17.0.201812190825/tools/compiler/bin/../lib/gcc/arm-none-eabi/7.3.1/thumb/v7-m\libgcc.a(_arm_cmpdf2.o)
                0x080009d8                __gtdf2
                0x080009d8                __gedf2
                0x080009e0                __ltdf2
                0x080009e0                __ledf2
                0x080009e8                __nedf2
                0x080009e8                __eqdf2
                0x080009e8                __cmpdf2
                0x08000a64                __aeabi_cdrcmple
                0x08000a74                __aeabi_cdcmpeq
                0x08000a74                __aeabi_cdcmple
                0x08000a84                __aeabi_dcmpeq
                0x08000a98                __aeabi_dcmplt
                0x08000aac                __aeabi_dcmple
                0x08000ac0                __aeabi_dcmpge
                0x08000ad4                __aeabi_dcmpgt
 .text          0x08000ae8       0x2c c:/ac6/systemworkbench/plugins/fr.ac6.mcu.externaltools.arm-none.win32_1.17.0.201812190825/tools/compiler/bin/../lib/gcc/arm-none-eabi/7.3.1/thumb/v7-m\libgcc.a(_arm_unorddf2.o)
                0x08000ae8                __unorddf2
                0x08000ae8                __aeabi_dcmpun
 .text          0x08000b14       0x50 c:/ac6/systemworkbench/plugins/fr.ac6.mcu.externaltools.arm-none.win32_1.17.0.201812190825/tools/compiler/bin/../lib/gcc/arm-none-eabi/7.3.1/thumb/v7-m\libgcc.a(_arm_fixdfsi.o)
                0x08000b14                __aeabi_d2iz
                0x08000b14                __fixdfsi
 .text          0x08000b64       0x30 c:/ac6/systemworkbench/plugins/fr.ac6.mcu.externaltools.arm-none.win32_1.17.0.201812190825/tools/compiler/bin/../lib/gcc/arm-none-eabi/7.3.1/thumb/v7-m\libgcc.a(_aeabi_uldivmod.o)
                0x08000b64                __aeabi_uldivmod
 .text          0x08000b94      0x2d0 c:/ac6/systemworkbench/plugins/fr.ac6.mcu.externaltools.arm-none.win32_1.17.0.201812190825/tools/compiler/bin/../lib/gcc/arm-none-eabi/7.3.1/thumb/v7-m\libgcc.a(_udivmoddi4.o)
                0x08000b94                __udivmoddi4
 .text          0x08000e64        0x4 c:/ac6/systemworkbench/plugins/fr.ac6.mcu.externaltools.arm-none.win32_1.17.0.201812190825/tools/compiler/bin/../lib/gcc/arm-none-eabi/7.3.1/thumb/v7-m\libgcc.a(_dvmd_tls.o)
                0x08000e64                __aeabi_idiv0
                0x08000e64                __aeabi_ldiv0
 *(.text*)
 .text.writeLED
                0x08000e68       0x14 appli/main.o
                0x08000e68                writeLED
 .text.readButton
                0x08000e7c       0x14 appli/main.o
                0x08000e7c                readButton
 .text.main     0x08000e90       0x5c appli/main.o
                0x08000e90                main
 .text.BSP_GPIO_Enable
                0x08000eec       0x8c lib/bsp/stm32f1_gpio.o
                0x08000eec                BSP_GPIO_Enable
 .text.BSP_GPIO_PinCfg
                0x08000f78       0x1a lib/bsp/stm32f1_gpio.o
                0x08000f78                BSP_GPIO_PinCfg
 .text.SYS_NVIC_PriorityGrouping
                0x08000f92        0xa lib/bsp/stm32f1_sys.o
                0x08000f92                SYS_NVIC_PriorityGrouping
 .text.SYS_ClockConfig
                0x08000f9c       0x4c lib/bsp/stm32f1_sys.o
                0x08000f9c                SYS_ClockConfig
 .text.HAL_MspInit
                0x08000fe8        0xc lib/bsp/stm32f1_sys.o
                0x08000fe8                HAL_MspInit
 .text._close   0x08000ff4        0x6 lib/bsp/stm32f1_sys.o
                0x08000ff4                _close
 .text._fstat   0x08000ffa        0xa lib/bsp/stm32f1_sys.o
                0x08000ffa                _fstat
 .text._isatty  0x08001004       0x16 lib/bsp/stm32f1_sys.o
                0x08001004                _isatty
 .text._lseek   0x0800101a        0x4 lib/bsp/stm32f1_sys.o
                0x0800101a                _lseek
 *fill*         0x0800101e        0x2 
 .text._sbrk    0x08001020       0x3c lib/bsp/stm32f1_sys.o
                0x08001020                _sbrk
 .text._sbrk_r  0x0800105c       0x34 lib/bsp/stm32f1_sys.o
                0x0800105c                _sbrk_r
 .text.SYS_set_std_usart
                0x08001090       0x1c lib/bsp/stm32f1_sys.o
                0x08001090                SYS_set_std_usart
 .text._read    0x080010ac       0x40 lib/bsp/stm32f1_sys.o
                0x080010ac                _read
 .text._write   0x080010ec       0x58 lib/bsp/stm32f1_sys.o
                0x080010ec                _write
 .text.dump_printf
                0x08001144       0x38 lib/bsp/stm32f1_sys.o
                0x08001144                dump_printf
 .text.dump_trap_info
                0x0800117c       0xe4 lib/bsp/stm32f1_sys.o
                0x0800117c                dump_trap_info
 .text.Fault_Handler
                0x08001260       0x14 lib/bsp/stm32f1_sys.o
                0x08001260                UsageFault_Handler
                0x08001260                MemManage_Handler
                0x08001260                Fault_Handler
                0x08001260                BusFault_Handler
                0x08001260                HardFault_Handler
 .text.NMI_Handler
                0x08001274       0x10 lib/bsp/stm32f1_sys.o
                0x08001274                NMI_Handler
 .text.SVC_Handler
                0x08001284       0x10 lib/bsp/stm32f1_sys.o
                0x08001284                SVC_Handler
 .text.DebugMon_Handler
                0x08001294       0x10 lib/bsp/stm32f1_sys.o
                0x08001294                DebugMon_Handler
 .text.PendSV_Handler
                0x080012a4       0x10 lib/bsp/stm32f1_sys.o
                0x080012a4                PendSV_Handler
 .text.NVIC_SystemReset
                0x080012b4       0x24 lib/bsp/stm32f1_uart.o
 .text.UART_init
                0x080012d8      0x108 lib/bsp/stm32f1_uart.o
                0x080012d8                UART_init
 .text.UART_data_ready
                0x080013e0       0x28 lib/bsp/stm32f1_uart.o
                0x080013e0                UART_data_ready
 .text.UART_get_next_byte
                0x08001408       0xa0 lib/bsp/stm32f1_uart.o
                0x08001408                UART_get_next_byte
 .text.UART_putc
                0x080014a8       0x74 lib/bsp/stm32f1_uart.o
                0x080014a8                UART_putc
 .text.UART_impolite_force_puts_on_uart
                0x0800151c       0x34 lib/bsp/stm32f1_uart.o
                0x0800151c                UART_impolite_force_puts_on_uart
 .text.USART1_IRQHandler
                0x08001550       0x10 lib/bsp/stm32f1_uart.o
                0x08001550                USART1_IRQHandler
 .text.USART2_IRQHandler
                0x08001560       0x10 lib/bsp/stm32f1_uart.o
                0x08001560                USART2_IRQHandler
 .text.USART3_IRQHandler
                0x08001570       0x10 lib/bsp/stm32f1_uart.o
                0x08001570                USART3_IRQHandler
 .text.HAL_UART_RxCpltCallback
                0x08001580       0x70 lib/bsp/stm32f1_uart.o
                0x08001580                HAL_UART_RxCpltCallback
 .text.HAL_UART_MspInit
                0x080015f0      0x134 lib/bsp/stm32f1_uart.o
                0x080015f0                HAL_UART_MspInit
 .text.HAL_UART_ErrorCallback
                0x08001724       0x14 lib/bsp/stm32f1_uart.o
                0x08001724                HAL_UART_ErrorCallback
 .text.WWDG_IRQHandler
                0x08001738       0x18 lib/bsp/stm32f1_weak_it.o
                0x08001738                WWDG_IRQHandler
 .text.PVD_IRQHandler
                0x08001750       0x18 lib/bsp/stm32f1_weak_it.o
                0x08001750                PVD_IRQHandler
 .text.TAMPER_IRQHandler
                0x08001768       0x18 lib/bsp/stm32f1_weak_it.o
                0x08001768                TAMPER_IRQHandler
 .text.RTC_IRQHandler
                0x08001780       0x18 lib/bsp/stm32f1_weak_it.o
                0x08001780                RTC_IRQHandler
 .text.FLASH_IRQHandler
                0x08001798       0x18 lib/bsp/stm32f1_weak_it.o
                0x08001798                FLASH_IRQHandler
 .text.RCC_IRQHandler
                0x080017b0       0x18 lib/bsp/stm32f1_weak_it.o
                0x080017b0                RCC_IRQHandler
 .text.EXTI0_IRQHandler
                0x080017c8       0x18 lib/bsp/stm32f1_weak_it.o
                0x080017c8                EXTI0_IRQHandler
 .text.EXTI1_IRQHandler
                0x080017e0       0x18 lib/bsp/stm32f1_weak_it.o
                0x080017e0                EXTI1_IRQHandler
 .text.EXTI2_IRQHandler
                0x080017f8       0x18 lib/bsp/stm32f1_weak_it.o
                0x080017f8                EXTI2_IRQHandler
 .text.EXTI3_IRQHandler
                0x08001810       0x18 lib/bsp/stm32f1_weak_it.o
                0x08001810                EXTI3_IRQHandler
 .text.EXTI4_IRQHandler
                0x08001828       0x18 lib/bsp/stm32f1_weak_it.o
                0x08001828                EXTI4_IRQHandler
 .text.DMA1_Channel1_IRQHandler
                0x08001840       0x18 lib/bsp/stm32f1_weak_it.o
                0x08001840                DMA1_Channel1_IRQHandler
 .text.DMA1_Channel2_IRQHandler
                0x08001858       0x18 lib/bsp/stm32f1_weak_it.o
                0x08001858                DMA1_Channel2_IRQHandler
 .text.DMA1_Channel3_IRQHandler
                0x08001870       0x18 lib/bsp/stm32f1_weak_it.o
                0x08001870                DMA1_Channel3_IRQHandler
 .text.DMA1_Channel4_IRQHandler
                0x08001888       0x18 lib/bsp/stm32f1_weak_it.o
                0x08001888                DMA1_Channel4_IRQHandler
 .text.DMA1_Channel5_IRQHandler
                0x080018a0       0x18 lib/bsp/stm32f1_weak_it.o
                0x080018a0                DMA1_Channel5_IRQHandler
 .text.DMA1_Channel6_IRQHandler
                0x080018b8       0x18 lib/bsp/stm32f1_weak_it.o
                0x080018b8                DMA1_Channel6_IRQHandler
 .text.DMA1_Channel7_IRQHandler
                0x080018d0       0x18 lib/bsp/stm32f1_weak_it.o
                0x080018d0                DMA1_Channel7_IRQHandler
 .text.ADC1_2_IRQHandler
                0x080018e8       0x18 lib/bsp/stm32f1_weak_it.o
                0x080018e8                ADC1_2_IRQHandler
 .text.USB_HP_CAN1_TX_IRQHandler
                0x08001900       0x18 lib/bsp/stm32f1_weak_it.o
                0x08001900                USB_HP_CAN1_TX_IRQHandler
 .text.USB_LP_CAN1_RX0_IRQHandler
                0x08001918       0x18 lib/bsp/stm32f1_weak_it.o
                0x08001918                USB_LP_CAN1_RX0_IRQHandler
 .text.CAN1_RX1_IRQHandler
                0x08001930       0x18 lib/bsp/stm32f1_weak_it.o
                0x08001930                CAN1_RX1_IRQHandler
 .text.CAN1_SCE_IRQHandler
                0x08001948       0x18 lib/bsp/stm32f1_weak_it.o
                0x08001948                CAN1_SCE_IRQHandler
 .text.EXTI9_5_IRQHandler
                0x08001960       0x18 lib/bsp/stm32f1_weak_it.o
                0x08001960                EXTI9_5_IRQHandler
 .text.TIM1_BRK_IRQHandler
                0x08001978       0x18 lib/bsp/stm32f1_weak_it.o
                0x08001978                TIM1_BRK_IRQHandler
 .text.TIM1_UP_IRQHandler
                0x08001990       0x18 lib/bsp/stm32f1_weak_it.o
                0x08001990                TIM1_UP_IRQHandler
 .text.TIM1_TRG_COM_IRQHandler
                0x080019a8       0x18 lib/bsp/stm32f1_weak_it.o
                0x080019a8                TIM1_TRG_COM_IRQHandler
 .text.TIM1_CC_IRQHandler
                0x080019c0       0x18 lib/bsp/stm32f1_weak_it.o
                0x080019c0                TIM1_CC_IRQHandler
 .text.TIM2_IRQHandler
                0x080019d8       0x18 lib/bsp/stm32f1_weak_it.o
                0x080019d8                TIM2_IRQHandler
 .text.TIM3_IRQHandler
                0x080019f0       0x18 lib/bsp/stm32f1_weak_it.o
                0x080019f0                TIM3_IRQHandler
 .text.TIM4_IRQHandler
                0x08001a08       0x18 lib/bsp/stm32f1_weak_it.o
                0x08001a08                TIM4_IRQHandler
 .text.I2C1_EV_IRQHandler
                0x08001a20       0x18 lib/bsp/stm32f1_weak_it.o
                0x08001a20                I2C1_EV_IRQHandler
 .text.I2C1_ER_IRQHandler
                0x08001a38       0x18 lib/bsp/stm32f1_weak_it.o
                0x08001a38                I2C1_ER_IRQHandler
 .text.I2C2_EV_IRQHandler
                0x08001a50       0x18 lib/bsp/stm32f1_weak_it.o
                0x08001a50                I2C2_EV_IRQHandler
 .text.I2C2_ER_IRQHandler
                0x08001a68       0x18 lib/bsp/stm32f1_weak_it.o
                0x08001a68                I2C2_ER_IRQHandler
 .text.SPI1_IRQHandler
                0x08001a80       0x18 lib/bsp/stm32f1_weak_it.o
                0x08001a80                SPI1_IRQHandler
 .text.SPI2_IRQHandler
                0x08001a98       0x18 lib/bsp/stm32f1_weak_it.o
                0x08001a98                SPI2_IRQHandler
 .text.EXTI15_10_IRQHandler
                0x08001ab0       0x18 lib/bsp/stm32f1_weak_it.o
                0x08001ab0                EXTI15_10_IRQHandler
 .text.RTC_Alarm_IRQHandler
                0x08001ac8       0x18 lib/bsp/stm32f1_weak_it.o
                0x08001ac8                RTC_Alarm_IRQHandler
 .text.USBWakeUp_IRQHandler
                0x08001ae0       0x18 lib/bsp/stm32f1_weak_it.o
                0x08001ae0                USBWakeUp_IRQHandler
 .text.SystemInit
                0x08001af8       0x4c lib/bsp/system_stm32f1xx.o
                0x08001af8                SystemInit
 .text.SystemCoreClockUpdate
                0x08001b44       0x94 lib/bsp/system_stm32f1xx.o
                0x08001b44                SystemCoreClockUpdate
 .text.Systick_init
                0x08001bd8       0x24 lib/bsp/systick.o
                0x08001bd8                Systick_init
 .text.SysTick_Handler
                0x08001bfc       0x3c lib/bsp/systick.o
                0x08001bfc                SysTick_Handler
 .text.HAL_InitTick
                0x08001c38       0x4c lib/hal/src/stm32f1xx_hal.o
                0x08001c38                HAL_InitTick
 .text.HAL_Init
                0x08001c84       0x24 lib/hal/src/stm32f1xx_hal.o
                0x08001c84                HAL_Init
 .text.HAL_IncTick
                0x08001ca8       0x18 lib/hal/src/stm32f1xx_hal.o
                0x08001ca8                HAL_IncTick
 .text.HAL_GetTick
                0x08001cc0        0xc lib/hal/src/stm32f1xx_hal.o
                0x08001cc0                HAL_GetTick
 .text.HAL_NVIC_SetPriorityGrouping
                0x08001ccc       0x24 lib/hal/src/stm32f1xx_hal_cortex.o
                0x08001ccc                HAL_NVIC_SetPriorityGrouping
 .text.HAL_NVIC_SetPriority
                0x08001cf0       0x68 lib/hal/src/stm32f1xx_hal_cortex.o
                0x08001cf0                HAL_NVIC_SetPriority
 .text.HAL_NVIC_EnableIRQ
                0x08001d58       0x18 lib/hal/src/stm32f1xx_hal_cortex.o
                0x08001d58                HAL_NVIC_EnableIRQ
 .text.HAL_SYSTICK_Config
                0x08001d70       0x2c lib/hal/src/stm32f1xx_hal_cortex.o
                0x08001d70                HAL_SYSTICK_Config
 .text.HAL_SYSTICK_Callback
                0x08001d9c        0x2 lib/hal/src/stm32f1xx_hal_cortex.o
                0x08001d9c                HAL_SYSTICK_Callback
 .text.HAL_SYSTICK_IRQHandler
                0x08001d9e        0x8 lib/hal/src/stm32f1xx_hal_cortex.o
                0x08001d9e                HAL_SYSTICK_IRQHandler
 *fill*         0x08001da6        0x2 
 .text.HAL_DMA_Abort_IT
                0x08001da8       0x98 lib/hal/src/stm32f1xx_hal_dma.o
                0x08001da8                HAL_DMA_Abort_IT
 .text.HAL_GPIO_Init
                0x08001e40      0x1d4 lib/hal/src/stm32f1xx_hal_gpio.o
                0x08001e40                HAL_GPIO_Init
 .text.HAL_GPIO_ReadPin
                0x08002014        0xe lib/hal/src/stm32f1xx_hal_gpio.o
                0x08002014                HAL_GPIO_ReadPin
 .text.HAL_GPIO_WritePin
                0x08002022        0xc lib/hal/src/stm32f1xx_hal_gpio.o
                0x08002022                HAL_GPIO_WritePin
 *fill*         0x0800202e        0x2 
 .text.RCC_Delay
                0x08002030       0x2c lib/hal/src/stm32f1xx_hal_rcc.o
 .text.HAL_RCC_OscConfig
                0x0800205c      0x3dc lib/hal/src/stm32f1xx_hal_rcc.o
                0x0800205c                HAL_RCC_OscConfig
 .text.HAL_RCC_GetSysClockFreq
                0x08002438       0x70 lib/hal/src/stm32f1xx_hal_rcc.o
                0x08002438                HAL_RCC_GetSysClockFreq
 .text.HAL_RCC_ClockConfig
                0x080024a8      0x19c lib/hal/src/stm32f1xx_hal_rcc.o
                0x080024a8                HAL_RCC_ClockConfig
 .text.HAL_RCC_GetHCLKFreq
                0x08002644        0xc lib/hal/src/stm32f1xx_hal_rcc.o
                0x08002644                HAL_RCC_GetHCLKFreq
 .text.HAL_RCC_GetPCLK1Freq
                0x08002650       0x20 lib/hal/src/stm32f1xx_hal_rcc.o
                0x08002650                HAL_RCC_GetPCLK1Freq
 .text.HAL_RCC_GetPCLK2Freq
                0x08002670       0x20 lib/hal/src/stm32f1xx_hal_rcc.o
                0x08002670                HAL_RCC_GetPCLK2Freq
 .text.UART_EndRxTransfer
                0x08002690       0x1c lib/hal/src/stm32f1xx_hal_uart.o
 .text.UART_Transmit_IT
                0x080026ac       0x68 lib/hal/src/stm32f1xx_hal_uart.o
 .text.UART_SetConfig
                0x08002714      0x1ac lib/hal/src/stm32f1xx_hal_uart.o
 .text.HAL_UART_Init
                0x080028c0       0x5e lib/hal/src/stm32f1xx_hal_uart.o
                0x080028c0                HAL_UART_Init
 .text.HAL_UART_Transmit_IT
                0x0800291e       0x48 lib/hal/src/stm32f1xx_hal_uart.o
                0x0800291e                HAL_UART_Transmit_IT
 .text.HAL_UART_Receive_IT
                0x08002966       0x5c lib/hal/src/stm32f1xx_hal_uart.o
                0x08002966                HAL_UART_Receive_IT
 .text.HAL_UART_TxCpltCallback
                0x080029c2        0x2 lib/hal/src/stm32f1xx_hal_uart.o
                0x080029c2                HAL_UART_TxCpltCallback
 .text.UART_EndTransmit_IT
                0x080029c4       0x1a lib/hal/src/stm32f1xx_hal_uart.o
 .text.UART_Receive_IT
                0x080029de       0x9c lib/hal/src/stm32f1xx_hal_uart.o
 *fill*         0x08002a7a        0x2 
 .text.HAL_UART_IRQHandler
                0x08002a7c      0x120 lib/hal/src/stm32f1xx_hal_uart.o
                0x08002a7c                HAL_UART_IRQHandler
 .text.UART_DMAAbortOnError
                0x08002b9c       0x10 lib/hal/src/stm32f1xx_hal_uart.o
 .text.Reset_Handler
                0x08002bac       0x64 lib/startup_stm32f103xb.o
                0x08002bac                Reset_Handler
 .text.Default_Handler
                0x08002c10        0x2 lib/startup_stm32f103xb.o
                0x08002c10                Default_Handler
 *fill*         0x08002c12        0x2 
 .text.__errno  0x08002c14        0xc c:/ac6/systemworkbench/plugins/fr.ac6.mcu.externaltools.arm-none.win32_1.17.0.201812190825/tools/compiler/bin/../lib/gcc/arm-none-eabi/7.3.1/../../../../arm-none-eabi/lib/thumb/v7-m\libc.a(lib_a-errno.o)
                0x08002c14                __errno
 .text.__libc_init_array
                0x08002c20       0x48 c:/ac6/systemworkbench/plugins/fr.ac6.mcu.externaltools.arm-none.win32_1.17.0.201812190825/tools/compiler/bin/../lib/gcc/arm-none-eabi/7.3.1/../../../../arm-none-eabi/lib/thumb/v7-m\libc.a(lib_a-init.o)
                0x08002c20                __libc_init_array
 .text.malloc   0x08002c68       0x10 c:/ac6/systemworkbench/plugins/fr.ac6.mcu.externaltools.arm-none.win32_1.17.0.201812190825/tools/compiler/bin/../lib/gcc/arm-none-eabi/7.3.1/../../../../arm-none-eabi/lib/thumb/v7-m\libc.a(lib_a-malloc.o)
                0x08002c68                malloc
 .text._malloc_r
                0x08002c78      0x524 c:/ac6/systemworkbench/plugins/fr.ac6.mcu.externaltools.arm-none.win32_1.17.0.201812190825/tools/compiler/bin/../lib/gcc/arm-none-eabi/7.3.1/../../../../arm-none-eabi/lib/thumb/v7-m\libc.a(lib_a-mallocr.o)
                0x08002c78                _malloc_r
 .text.memset   0x0800319c       0x94 c:/ac6/systemworkbench/plugins/fr.ac6.mcu.externaltools.arm-none.win32_1.17.0.201812190825/tools/compiler/bin/../lib/gcc/arm-none-eabi/7.3.1/../../../../arm-none-eabi/lib/thumb/v7-m\libc.a(lib_a-memset.o)
                0x0800319c                memset
 .text.__malloc_lock
                0x08003230        0xc c:/ac6/systemworkbench/plugins/fr.ac6.mcu.externaltools.arm-none.win32_1.17.0.201812190825/tools/compiler/bin/../lib/gcc/arm-none-eabi/7.3.1/../../../../arm-none-eabi/lib/thumb/v7-m\libc.a(lib_a-mlock.o)
                0x08003230                __malloc_lock
 .text.__malloc_unlock
                0x0800323c        0xc c:/ac6/systemworkbench/plugins/fr.ac6.mcu.externaltools.arm-none.win32_1.17.0.201812190825/tools/compiler/bin/../lib/gcc/arm-none-eabi/7.3.1/../../../../arm-none-eabi/lib/thumb/v7-m\libc.a(lib_a-mlock.o)
                0x0800323c                __malloc_unlock
 .text.printf   0x08003248       0x28 c:/ac6/systemworkbench/plugins/fr.ac6.mcu.externaltools.arm-none.win32_1.17.0.201812190825/tools/compiler/bin/../lib/gcc/arm-none-eabi/7.3.1/../../../../arm-none-eabi/lib/thumb/v7-m\libc.a(lib_a-printf.o)
                0x08003248                printf
 .text.setvbuf  0x08003270      0x180 c:/ac6/systemworkbench/plugins/fr.ac6.mcu.externaltools.arm-none.win32_1.17.0.201812190825/tools/compiler/bin/../lib/gcc/arm-none-eabi/7.3.1/../../../../arm-none-eabi/lib/thumb/v7-m\libc.a(lib_a-setvbuf.o)
                0x08003270                setvbuf
 .text.strlen   0x080033f0       0x5c c:/ac6/systemworkbench/plugins/fr.ac6.mcu.externaltools.arm-none.win32_1.17.0.201812190825/tools/compiler/bin/../lib/gcc/arm-none-eabi/7.3.1/../../../../arm-none-eabi/lib/thumb/v7-m\libc.a(lib_a-strlen-stub.o)
                0x080033f0                strlen
 .text._vfprintf_r
                0x0800344c     0x1ac0 c:/ac6/systemworkbench/plugins/fr.ac6.mcu.externaltools.arm-none.win32_1.17.0.201812190825/tools/compiler/bin/../lib/gcc/arm-none-eabi/7.3.1/../../../../arm-none-eabi/lib/thumb/v7-m\libc.a(lib_a-vfprintf.o)
                0x0800344c                _vfprintf_r
 .text.__sbprintf
                0x08004f0c       0x88 c:/ac6/systemworkbench/plugins/fr.ac6.mcu.externaltools.arm-none.win32_1.17.0.201812190825/tools/compiler/bin/../lib/gcc/arm-none-eabi/7.3.1/../../../../arm-none-eabi/lib/thumb/v7-m\libc.a(lib_a-vfprintf.o)
 .text._vsnprintf_r
                0x08004f94       0x6c c:/ac6/systemworkbench/plugins/fr.ac6.mcu.externaltools.arm-none.win32_1.17.0.201812190825/tools/compiler/bin/../lib/gcc/arm-none-eabi/7.3.1/../../../../arm-none-eabi/lib/thumb/v7-m\libc.a(lib_a-vsnprintf.o)
                0x08004f94                _vsnprintf_r
 .text.vsnprintf
                0x08005000       0x20 c:/ac6/systemworkbench/plugins/fr.ac6.mcu.externaltools.arm-none.win32_1.17.0.201812190825/tools/compiler/bin/../lib/gcc/arm-none-eabi/7.3.1/../../../../arm-none-eabi/lib/thumb/v7-m\libc.a(lib_a-vsnprintf.o)
                0x08005000                vsnprintf
 .text.__swsetup_r
                0x08005020       0xcc c:/ac6/systemworkbench/plugins/fr.ac6.mcu.externaltools.arm-none.win32_1.17.0.201812190825/tools/compiler/bin/../lib/gcc/arm-none-eabi/7.3.1/../../../../arm-none-eabi/lib/thumb/v7-m\libc.a(lib_a-wsetup.o)
                0x08005020                __swsetup_r
 .text.startup.register_fini
                0x080050ec       0x14 c:/ac6/systemworkbench/plugins/fr.ac6.mcu.externaltools.arm-none.win32_1.17.0.201812190825/tools/compiler/bin/../lib/gcc/arm-none-eabi/7.3.1/../../../../arm-none-eabi/lib/thumb/v7-m\libc.a(lib_a-__call_atexit.o)
 .text.atexit   0x08005100        0xc c:/ac6/systemworkbench/plugins/fr.ac6.mcu.externaltools.arm-none.win32_1.17.0.201812190825/tools/compiler/bin/../lib/gcc/arm-none-eabi/7.3.1/../../../../arm-none-eabi/lib/thumb/v7-m\libc.a(lib_a-atexit.o)
                0x08005100                atexit
 .text.quorem   0x0800510c      0x124 c:/ac6/systemworkbench/plugins/fr.ac6.mcu.externaltools.arm-none.win32_1.17.0.201812190825/tools/compiler/bin/../lib/gcc/arm-none-eabi/7.3.1/../../../../arm-none-eabi/lib/thumb/v7-m\libc.a(lib_a-dtoa.o)
 .text._dtoa_r  0x08005230      0xe30 c:/ac6/systemworkbench/plugins/fr.ac6.mcu.externaltools.arm-none.win32_1.17.0.201812190825/tools/compiler/bin/../lib/gcc/arm-none-eabi/7.3.1/../../../../arm-none-eabi/lib/thumb/v7-m\libc.a(lib_a-dtoa.o)
                0x08005230                _dtoa_r
 .text.__sflush_r
                0x08006060      0x154 c:/ac6/systemworkbench/plugins/fr.ac6.mcu.externaltools.arm-none.win32_1.17.0.201812190825/tools/compiler/bin/../lib/gcc/arm-none-eabi/7.3.1/../../../../arm-none-eabi/lib/thumb/v7-m\libc.a(lib_a-fflush.o)
                0x08006060                __sflush_r
 .text._fflush_r
                0x080061b4       0x5c c:/ac6/systemworkbench/plugins/fr.ac6.mcu.externaltools.arm-none.win32_1.17.0.201812190825/tools/compiler/bin/../lib/gcc/arm-none-eabi/7.3.1/../../../../arm-none-eabi/lib/thumb/v7-m\libc.a(lib_a-fflush.o)
                0x080061b4                _fflush_r
 .text.std      0x08006210       0x50 c:/ac6/systemworkbench/plugins/fr.ac6.mcu.externaltools.arm-none.win32_1.17.0.201812190825/tools/compiler/bin/../lib/gcc/arm-none-eabi/7.3.1/../../../../arm-none-eabi/lib/thumb/v7-m\libc.a(lib_a-findfp.o)
 .text._cleanup_r
                0x08006260        0xc c:/ac6/systemworkbench/plugins/fr.ac6.mcu.externaltools.arm-none.win32_1.17.0.201812190825/tools/compiler/bin/../lib/gcc/arm-none-eabi/7.3.1/../../../../arm-none-eabi/lib/thumb/v7-m\libc.a(lib_a-findfp.o)
                0x08006260                _cleanup_r
 .text.__sinit  0x0800626c       0x60 c:/ac6/systemworkbench/plugins/fr.ac6.mcu.externaltools.arm-none.win32_1.17.0.201812190825/tools/compiler/bin/../lib/gcc/arm-none-eabi/7.3.1/../../../../arm-none-eabi/lib/thumb/v7-m\libc.a(lib_a-findfp.o)
                0x0800626c                __sinit
 .text.__sfp_lock_acquire
                0x080062cc        0xc c:/ac6/systemworkbench/plugins/fr.ac6.mcu.externaltools.arm-none.win32_1.17.0.201812190825/tools/compiler/bin/../lib/gcc/arm-none-eabi/7.3.1/../../../../arm-none-eabi/lib/thumb/v7-m\libc.a(lib_a-findfp.o)
                0x080062cc                __sfp_lock_acquire
 .text.__sfp_lock_release
                0x080062d8        0xc c:/ac6/systemworkbench/plugins/fr.ac6.mcu.externaltools.arm-none.win32_1.17.0.201812190825/tools/compiler/bin/../lib/gcc/arm-none-eabi/7.3.1/../../../../arm-none-eabi/lib/thumb/v7-m\libc.a(lib_a-findfp.o)
                0x080062d8                __sfp_lock_release
 .text.__libc_fini_array
                0x080062e4       0x34 c:/ac6/systemworkbench/plugins/fr.ac6.mcu.externaltools.arm-none.win32_1.17.0.201812190825/tools/compiler/bin/../lib/gcc/arm-none-eabi/7.3.1/../../../../arm-none-eabi/lib/thumb/v7-m\libc.a(lib_a-fini.o)
                0x080062e4                __libc_fini_array
 .text._malloc_trim_r
                0x08006318       0xa0 c:/ac6/systemworkbench/plugins/fr.ac6.mcu.externaltools.arm-none.win32_1.17.0.201812190825/tools/compiler/bin/../lib/gcc/arm-none-eabi/7.3.1/../../../../arm-none-eabi/lib/thumb/v7-m\libc.a(lib_a-freer.o)
                0x08006318                _malloc_trim_r
 .text._free_r  0x080063b8      0x1e8 c:/ac6/systemworkbench/plugins/fr.ac6.mcu.externaltools.arm-none.win32_1.17.0.201812190825/tools/compiler/bin/../lib/gcc/arm-none-eabi/7.3.1/../../../../arm-none-eabi/lib/thumb/v7-m\libc.a(lib_a-freer.o)
                0x080063b8                _free_r
 .text._fwalk_reent
                0x080065a0       0x50 c:/ac6/systemworkbench/plugins/fr.ac6.mcu.externaltools.arm-none.win32_1.17.0.201812190825/tools/compiler/bin/../lib/gcc/arm-none-eabi/7.3.1/../../../../arm-none-eabi/lib/thumb/v7-m\libc.a(lib_a-fwalk.o)
                0x080065a0                _fwalk_reent
 .text._localeconv_r
                0x080065f0       0x1c c:/ac6/systemworkbench/plugins/fr.ac6.mcu.externaltools.arm-none.win32_1.17.0.201812190825/tools/compiler/bin/../lib/gcc/arm-none-eabi/7.3.1/../../../../arm-none-eabi/lib/thumb/v7-m\libc.a(lib_a-localeconv.o)
                0x080065f0                _localeconv_r
 .text.__retarget_lock_init_recursive
                0x0800660c        0x4 c:/ac6/systemworkbench/plugins/fr.ac6.mcu.externaltools.arm-none.win32_1.17.0.201812190825/tools/compiler/bin/../lib/gcc/arm-none-eabi/7.3.1/../../../../arm-none-eabi/lib/thumb/v7-m\libc.a(lib_a-lock.o)
                0x0800660c                __retarget_lock_init_recursive
 .text.__retarget_lock_close_recursive
                0x08006610        0x4 c:/ac6/systemworkbench/plugins/fr.ac6.mcu.externaltools.arm-none.win32_1.17.0.201812190825/tools/compiler/bin/../lib/gcc/arm-none-eabi/7.3.1/../../../../arm-none-eabi/lib/thumb/v7-m\libc.a(lib_a-lock.o)
                0x08006610                __retarget_lock_close_recursive
 .text.__retarget_lock_acquire_recursive
                0x08006614        0x4 c:/ac6/systemworkbench/plugins/fr.ac6.mcu.externaltools.arm-none.win32_1.17.0.201812190825/tools/compiler/bin/../lib/gcc/arm-none-eabi/7.3.1/../../../../arm-none-eabi/lib/thumb/v7-m\libc.a(lib_a-lock.o)
                0x08006614                __retarget_lock_acquire_recursive
 .text.__retarget_lock_release_recursive
                0x08006618        0x4 c:/ac6/systemworkbench/plugins/fr.ac6.mcu.externaltools.arm-none.win32_1.17.0.201812190825/tools/compiler/bin/../lib/gcc/arm-none-eabi/7.3.1/../../../../arm-none-eabi/lib/thumb/v7-m\libc.a(lib_a-lock.o)
                0x08006618                __retarget_lock_release_recursive
 .text.__swhatbuf_r
                0x0800661c       0x5c c:/ac6/systemworkbench/plugins/fr.ac6.mcu.externaltools.arm-none.win32_1.17.0.201812190825/tools/compiler/bin/../lib/gcc/arm-none-eabi/7.3.1/../../../../arm-none-eabi/lib/thumb/v7-m\libc.a(lib_a-makebuf.o)
                0x0800661c                __swhatbuf_r
 .text.__smakebuf_r
                0x08006678       0x94 c:/ac6/systemworkbench/plugins/fr.ac6.mcu.externaltools.arm-none.win32_1.17.0.201812190825/tools/compiler/bin/../lib/gcc/arm-none-eabi/7.3.1/../../../../arm-none-eabi/lib/thumb/v7-m\libc.a(lib_a-makebuf.o)
                0x08006678                __smakebuf_r
 .text.memchr   0x0800670c       0x8c c:/ac6/systemworkbench/plugins/fr.ac6.mcu.externaltools.arm-none.win32_1.17.0.201812190825/tools/compiler/bin/../lib/gcc/arm-none-eabi/7.3.1/../../../../arm-none-eabi/lib/thumb/v7-m\libc.a(lib_a-memchr-stub.o)
                0x0800670c                memchr
 .text._Balloc  0x08006798       0x4c c:/ac6/systemworkbench/plugins/fr.ac6.mcu.externaltools.arm-none.win32_1.17.0.201812190825/tools/compiler/bin/../lib/gcc/arm-none-eabi/7.3.1/../../../../arm-none-eabi/lib/thumb/v7-m\libc.a(lib_a-mprec.o)
                0x08006798                _Balloc
 .text._Bfree   0x080067e4       0x14 c:/ac6/systemworkbench/plugins/fr.ac6.mcu.externaltools.arm-none.win32_1.17.0.201812190825/tools/compiler/bin/../lib/gcc/arm-none-eabi/7.3.1/../../../../arm-none-eabi/lib/thumb/v7-m\libc.a(lib_a-mprec.o)
                0x080067e4                _Bfree
 .text.__multadd
                0x080067f8       0x84 c:/ac6/systemworkbench/plugins/fr.ac6.mcu.externaltools.arm-none.win32_1.17.0.201812190825/tools/compiler/bin/../lib/gcc/arm-none-eabi/7.3.1/../../../../arm-none-eabi/lib/thumb/v7-m\libc.a(lib_a-mprec.o)
                0x080067f8                __multadd
 .text.__hi0bits
                0x0800687c       0x40 c:/ac6/systemworkbench/plugins/fr.ac6.mcu.externaltools.arm-none.win32_1.17.0.201812190825/tools/compiler/bin/../lib/gcc/arm-none-eabi/7.3.1/../../../../arm-none-eabi/lib/thumb/v7-m\libc.a(lib_a-mprec.o)
                0x0800687c                __hi0bits
 .text.__lo0bits
                0x080068bc       0x60 c:/ac6/systemworkbench/plugins/fr.ac6.mcu.externaltools.arm-none.win32_1.17.0.201812190825/tools/compiler/bin/../lib/gcc/arm-none-eabi/7.3.1/../../../../arm-none-eabi/lib/thumb/v7-m\libc.a(lib_a-mprec.o)
                0x080068bc                __lo0bits
 .text.__i2b    0x0800691c       0x14 c:/ac6/systemworkbench/plugins/fr.ac6.mcu.externaltools.arm-none.win32_1.17.0.201812190825/tools/compiler/bin/../lib/gcc/arm-none-eabi/7.3.1/../../../../arm-none-eabi/lib/thumb/v7-m\libc.a(lib_a-mprec.o)
                0x0800691c                __i2b
 .text.__multiply
                0x08006930      0x14c c:/ac6/systemworkbench/plugins/fr.ac6.mcu.externaltools.arm-none.win32_1.17.0.201812190825/tools/compiler/bin/../lib/gcc/arm-none-eabi/7.3.1/../../../../arm-none-eabi/lib/thumb/v7-m\libc.a(lib_a-mprec.o)
                0x08006930                __multiply
 .text.__pow5mult
                0x08006a7c       0xa0 c:/ac6/systemworkbench/plugins/fr.ac6.mcu.externaltools.arm-none.win32_1.17.0.201812190825/tools/compiler/bin/../lib/gcc/arm-none-eabi/7.3.1/../../../../arm-none-eabi/lib/thumb/v7-m\libc.a(lib_a-mprec.o)
                0x08006a7c                __pow5mult
 .text.__lshift
                0x08006b1c       0xb4 c:/ac6/systemworkbench/plugins/fr.ac6.mcu.externaltools.arm-none.win32_1.17.0.201812190825/tools/compiler/bin/../lib/gcc/arm-none-eabi/7.3.1/../../../../arm-none-eabi/lib/thumb/v7-m\libc.a(lib_a-mprec.o)
                0x08006b1c                __lshift
 .text.__mcmp   0x08006bd0       0x38 c:/ac6/systemworkbench/plugins/fr.ac6.mcu.externaltools.arm-none.win32_1.17.0.201812190825/tools/compiler/bin/../lib/gcc/arm-none-eabi/7.3.1/../../../../arm-none-eabi/lib/thumb/v7-m\libc.a(lib_a-mprec.o)
                0x08006bd0                __mcmp
 .text.__mdiff  0x08006c08      0x100 c:/ac6/systemworkbench/plugins/fr.ac6.mcu.externaltools.arm-none.win32_1.17.0.201812190825/tools/compiler/bin/../lib/gcc/arm-none-eabi/7.3.1/../../../../arm-none-eabi/lib/thumb/v7-m\libc.a(lib_a-mprec.o)
                0x08006c08                __mdiff
 .text.__d2b    0x08006d08       0xb0 c:/ac6/systemworkbench/plugins/fr.ac6.mcu.externaltools.arm-none.win32_1.17.0.201812190825/tools/compiler/bin/../lib/gcc/arm-none-eabi/7.3.1/../../../../arm-none-eabi/lib/thumb/v7-m\libc.a(lib_a-mprec.o)
                0x08006d08                __d2b
 .text.frexp    0x08006db8       0x64 c:/ac6/systemworkbench/plugins/fr.ac6.mcu.externaltools.arm-none.win32_1.17.0.201812190825/tools/compiler/bin/../lib/gcc/arm-none-eabi/7.3.1/../../../../arm-none-eabi/lib/thumb/v7-m\libc.a(lib_a-s_frexp.o)
                0x08006db8                frexp
 .text.__sread  0x08006e1c       0x24 c:/ac6/systemworkbench/plugins/fr.ac6.mcu.externaltools.arm-none.win32_1.17.0.201812190825/tools/compiler/bin/../lib/gcc/arm-none-eabi/7.3.1/../../../../arm-none-eabi/lib/thumb/v7-m\libc.a(lib_a-stdio.o)
                0x08006e1c                __sread
 .text.__swrite
                0x08006e40       0x3c c:/ac6/systemworkbench/plugins/fr.ac6.mcu.externaltools.arm-none.win32_1.17.0.201812190825/tools/compiler/bin/../lib/gcc/arm-none-eabi/7.3.1/../../../../arm-none-eabi/lib/thumb/v7-m\libc.a(lib_a-stdio.o)
                0x08006e40                __swrite
 .text.__sseek  0x08006e7c       0x20 c:/ac6/systemworkbench/plugins/fr.ac6.mcu.externaltools.arm-none.win32_1.17.0.201812190825/tools/compiler/bin/../lib/gcc/arm-none-eabi/7.3.1/../../../../arm-none-eabi/lib/thumb/v7-m\libc.a(lib_a-stdio.o)
                0x08006e7c                __sseek
 .text.__sclose
                0x08006e9c        0x8 c:/ac6/systemworkbench/plugins/fr.ac6.mcu.externaltools.arm-none.win32_1.17.0.201812190825/tools/compiler/bin/../lib/gcc/arm-none-eabi/7.3.1/../../../../arm-none-eabi/lib/thumb/v7-m\libc.a(lib_a-stdio.o)
                0x08006e9c                __sclose
 .text.strncpy  0x08006ea4       0x64 c:/ac6/systemworkbench/plugins/fr.ac6.mcu.externaltools.arm-none.win32_1.17.0.201812190825/tools/compiler/bin/../lib/gcc/arm-none-eabi/7.3.1/../../../../arm-none-eabi/lib/thumb/v7-m\libc.a(lib_a-strncpy.o)
                0x08006ea4                strncpy
 .text._svfprintf_r
                0x08006f08     0x1a04 c:/ac6/systemworkbench/plugins/fr.ac6.mcu.externaltools.arm-none.win32_1.17.0.201812190825/tools/compiler/bin/../lib/gcc/arm-none-eabi/7.3.1/../../../../arm-none-eabi/lib/thumb/v7-m\libc.a(lib_a-svfprintf.o)
                0x08006f08                _svfprintf_r
 .text.__sprint_r.part.0
                0x0800890c       0x78 c:/ac6/systemworkbench/plugins/fr.ac6.mcu.externaltools.arm-none.win32_1.17.0.201812190825/tools/compiler/bin/../lib/gcc/arm-none-eabi/7.3.1/../../../../arm-none-eabi/lib/thumb/v7-m\libc.a(lib_a-vfiprintf.o)
 .text.__sprint_r
                0x08008984       0x14 c:/ac6/systemworkbench/plugins/fr.ac6.mcu.externaltools.arm-none.win32_1.17.0.201812190825/tools/compiler/bin/../lib/gcc/arm-none-eabi/7.3.1/../../../../arm-none-eabi/lib/thumb/v7-m\libc.a(lib_a-vfiprintf.o)
                0x08008984                __sprint_r
 .text._write_r
                0x08008998       0x2c c:/ac6/systemworkbench/plugins/fr.ac6.mcu.externaltools.arm-none.win32_1.17.0.201812190825/tools/compiler/bin/../lib/gcc/arm-none-eabi/7.3.1/../../../../arm-none-eabi/lib/thumb/v7-m\libc.a(lib_a-writer.o)
                0x08008998                _write_r
 .text.__register_exitproc
                0x080089c4       0xc0 c:/ac6/systemworkbench/plugins/fr.ac6.mcu.externaltools.arm-none.win32_1.17.0.201812190825/tools/compiler/bin/../lib/gcc/arm-none-eabi/7.3.1/../../../../arm-none-eabi/lib/thumb/v7-m\libc.a(lib_a-__atexit.o)
                0x080089c4                __register_exitproc
 .text._calloc_r
                0x08008a84       0x6c c:/ac6/systemworkbench/plugins/fr.ac6.mcu.externaltools.arm-none.win32_1.17.0.201812190825/tools/compiler/bin/../lib/gcc/arm-none-eabi/7.3.1/../../../../arm-none-eabi/lib/thumb/v7-m\libc.a(lib_a-callocr.o)
                0x08008a84                _calloc_r
 .text._close_r
                0x08008af0       0x24 c:/ac6/systemworkbench/plugins/fr.ac6.mcu.externaltools.arm-none.win32_1.17.0.201812190825/tools/compiler/bin/../lib/gcc/arm-none-eabi/7.3.1/../../../../arm-none-eabi/lib/thumb/v7-m\libc.a(lib_a-closer.o)
                0x08008af0                _close_r
 .text._fclose_r
                0x08008b14       0xd0 c:/ac6/systemworkbench/plugins/fr.ac6.mcu.externaltools.arm-none.win32_1.17.0.201812190825/tools/compiler/bin/../lib/gcc/arm-none-eabi/7.3.1/../../../../arm-none-eabi/lib/thumb/v7-m\libc.a(lib_a-fclose.o)
                0x08008b14                _fclose_r
 .text.__fputwc
                0x08008be4       0x94 c:/ac6/systemworkbench/plugins/fr.ac6.mcu.externaltools.arm-none.win32_1.17.0.201812190825/tools/compiler/bin/../lib/gcc/arm-none-eabi/7.3.1/../../../../arm-none-eabi/lib/thumb/v7-m\libc.a(lib_a-fputwc.o)
                0x08008be4                __fputwc
 .text._fputwc_r
                0x08008c78       0x64 c:/ac6/systemworkbench/plugins/fr.ac6.mcu.externaltools.arm-none.win32_1.17.0.201812190825/tools/compiler/bin/../lib/gcc/arm-none-eabi/7.3.1/../../../../arm-none-eabi/lib/thumb/v7-m\libc.a(lib_a-fputwc.o)
                0x08008c78                _fputwc_r
 .text._fstat_r
                0x08008cdc       0x28 c:/ac6/systemworkbench/plugins/fr.ac6.mcu.externaltools.arm-none.win32_1.17.0.201812190825/tools/compiler/bin/../lib/gcc/arm-none-eabi/7.3.1/../../../../arm-none-eabi/lib/thumb/v7-m\libc.a(lib_a-fstatr.o)
                0x08008cdc                _fstat_r
 .text.__sfvwrite_r
                0x08008d04      0x2f4 c:/ac6/systemworkbench/plugins/fr.ac6.mcu.externaltools.arm-none.win32_1.17.0.201812190825/tools/compiler/bin/../lib/gcc/arm-none-eabi/7.3.1/../../../../arm-none-eabi/lib/thumb/v7-m\libc.a(lib_a-fvwrite.o)
                0x08008d04                __sfvwrite_r
 .text._isatty_r
                0x08008ff8       0x24 c:/ac6/systemworkbench/plugins/fr.ac6.mcu.externaltools.arm-none.win32_1.17.0.201812190825/tools/compiler/bin/../lib/gcc/arm-none-eabi/7.3.1/../../../../arm-none-eabi/lib/thumb/v7-m\libc.a(lib_a-isattyr.o)
                0x08008ff8                _isatty_r
 .text.__locale_mb_cur_max
                0x0800901c       0x1c c:/ac6/systemworkbench/plugins/fr.ac6.mcu.externaltools.arm-none.win32_1.17.0.201812190825/tools/compiler/bin/../lib/gcc/arm-none-eabi/7.3.1/../../../../arm-none-eabi/lib/thumb/v7-m\libc.a(lib_a-locale.o)
                0x0800901c                __locale_mb_cur_max
 .text._lseek_r
                0x08009038       0x2c c:/ac6/systemworkbench/plugins/fr.ac6.mcu.externaltools.arm-none.win32_1.17.0.201812190825/tools/compiler/bin/../lib/gcc/arm-none-eabi/7.3.1/../../../../arm-none-eabi/lib/thumb/v7-m\libc.a(lib_a-lseekr.o)
                0x08009038                _lseek_r
 .text.__ascii_mbtowc
                0x08009064       0x2c c:/ac6/systemworkbench/plugins/fr.ac6.mcu.externaltools.arm-none.win32_1.17.0.201812190825/tools/compiler/bin/../lib/gcc/arm-none-eabi/7.3.1/../../../../arm-none-eabi/lib/thumb/v7-m\libc.a(lib_a-mbtowc_r.o)
                0x08009064                __ascii_mbtowc
 .text.memmove  0x08009090       0xc4 c:/ac6/systemworkbench/plugins/fr.ac6.mcu.externaltools.arm-none.win32_1.17.0.201812190825/tools/compiler/bin/../lib/gcc/arm-none-eabi/7.3.1/../../../../arm-none-eabi/lib/thumb/v7-m\libc.a(lib_a-memmove.o)
                0x08009090                memmove
 .text._read_r  0x08009154       0x2c c:/ac6/systemworkbench/plugins/fr.ac6.mcu.externaltools.arm-none.win32_1.17.0.201812190825/tools/compiler/bin/../lib/gcc/arm-none-eabi/7.3.1/../../../../arm-none-eabi/lib/thumb/v7-m\libc.a(lib_a-readr.o)
                0x08009154                _read_r
 .text._realloc_r
                0x08009180      0x374 c:/ac6/systemworkbench/plugins/fr.ac6.mcu.externaltools.arm-none.win32_1.17.0.201812190825/tools/compiler/bin/../lib/gcc/arm-none-eabi/7.3.1/../../../../arm-none-eabi/lib/thumb/v7-m\libc.a(lib_a-reallocr.o)
                0x08009180                _realloc_r
 .text.__ssprint_r
                0x080094f4       0xf4 c:/ac6/systemworkbench/plugins/fr.ac6.mcu.externaltools.arm-none.win32_1.17.0.201812190825/tools/compiler/bin/../lib/gcc/arm-none-eabi/7.3.1/../../../../arm-none-eabi/lib/thumb/v7-m\libc.a(lib_a-svfiprintf.o)
                0x080094f4                __ssprint_r
 .text.__swbuf_r
                0x080095e8       0xb0 c:/ac6/systemworkbench/plugins/fr.ac6.mcu.externaltools.arm-none.win32_1.17.0.201812190825/tools/compiler/bin/../lib/gcc/arm-none-eabi/7.3.1/../../../../arm-none-eabi/lib/thumb/v7-m\libc.a(lib_a-wbuf.o)
                0x080095e8                __swbuf_r
 .text._wcrtomb_r
                0x08009698       0x54 c:/ac6/systemworkbench/plugins/fr.ac6.mcu.externaltools.arm-none.win32_1.17.0.201812190825/tools/compiler/bin/../lib/gcc/arm-none-eabi/7.3.1/../../../../arm-none-eabi/lib/thumb/v7-m\libc.a(lib_a-wcrtomb.o)
                0x08009698                _wcrtomb_r
 .text.__ascii_wctomb
                0x080096ec       0x18 c:/ac6/systemworkbench/plugins/fr.ac6.mcu.externaltools.arm-none.win32_1.17.0.201812190825/tools/compiler/bin/../lib/gcc/arm-none-eabi/7.3.1/../../../../arm-none-eabi/lib/thumb/v7-m\libc.a(lib_a-wctomb_r.o)
                0x080096ec                __ascii_wctomb
 *(.glue_7)
 .glue_7        0x08009704        0x0 linker stubs
 *(.glue_7t)
 .glue_7t       0x08009704        0x0 linker stubs
 *(.eh_frame)
 .eh_frame      0x08009704        0x0 c:/ac6/systemworkbench/plugins/fr.ac6.mcu.externaltools.arm-none.win32_1.17.0.201812190825/tools/compiler/bin/../lib/gcc/arm-none-eabi/7.3.1/thumb/v7-m/crtbegin.o
 *(.init)
 .init          0x08009704        0x4 c:/ac6/systemworkbench/plugins/fr.ac6.mcu.externaltools.arm-none.win32_1.17.0.201812190825/tools/compiler/bin/../lib/gcc/arm-none-eabi/7.3.1/thumb/v7-m/crti.o
                0x08009704                _init
 .init          0x08009708        0x8 c:/ac6/systemworkbench/plugins/fr.ac6.mcu.externaltools.arm-none.win32_1.17.0.201812190825/tools/compiler/bin/../lib/gcc/arm-none-eabi/7.3.1/thumb/v7-m/crtn.o
 *(.fini)
 .fini          0x08009710        0x4 c:/ac6/systemworkbench/plugins/fr.ac6.mcu.externaltools.arm-none.win32_1.17.0.201812190825/tools/compiler/bin/../lib/gcc/arm-none-eabi/7.3.1/thumb/v7-m/crti.o
                0x08009710                _fini
 .fini          0x08009714        0x8 c:/ac6/systemworkbench/plugins/fr.ac6.mcu.externaltools.arm-none.win32_1.17.0.201812190825/tools/compiler/bin/../lib/gcc/arm-none-eabi/7.3.1/thumb/v7-m/crtn.o
                0x0800971c                . = ALIGN (0x4)
                0x0800971c                _etext = .

.vfp11_veneer   0x0800971c        0x0
 .vfp11_veneer  0x0800971c        0x0 linker stubs

.v4_bx          0x0800971c        0x0
 .v4_bx         0x0800971c        0x0 linker stubs

.iplt           0x0800971c        0x0
 .iplt          0x0800971c        0x0 c:/ac6/systemworkbench/plugins/fr.ac6.mcu.externaltools.arm-none.win32_1.17.0.201812190825/tools/compiler/bin/../lib/gcc/arm-none-eabi/7.3.1/thumb/v7-m/crtbegin.o

.rodata         0x08009720      0x688
                0x08009720                . = ALIGN (0x4)
 *(.rodata)
 .rodata        0x08009720       0x12 lib/hal/src/stm32f1xx_hal_rcc.o
 *(.rodata*)
 *fill*         0x08009732        0x2 
 .rodata.DebugMon_Handler.str1.4
                0x08009734       0x19 lib/bsp/stm32f1_sys.o
 *fill*         0x0800974d        0x3 
 .rodata.NMI_Handler.str1.4
                0x08009750       0x14 lib/bsp/stm32f1_sys.o
 .rodata.PendSV_Handler.str1.4
                0x08009764       0x26 lib/bsp/stm32f1_sys.o
 .rodata.SVC_Handler.str1.4
                0x0800978a       0x26 lib/bsp/stm32f1_sys.o
                                 0x1e (size before relaxing)
 *fill*         0x0800978a        0x2 
 .rodata.dump_trap_info.str1.4
                0x0800978c      0x126 lib/bsp/stm32f1_sys.o
                                0x12a (size before relaxing)
 *fill*         0x080098b2        0x2 
 .rodata.UART_init.str1.4
                0x080098b4       0x61 lib/bsp/stm32f1_uart.o
 *fill*         0x08009915        0x3 
 .rodata.instance_array
                0x08009918        0xc lib/bsp/stm32f1_uart.o
 .rodata.nvic_irq_array
                0x08009924        0x3 lib/bsp/stm32f1_uart.o
 *fill*         0x08009927        0x1 
 .rodata.ADC1_2_IRQHandler.str1.4
                0x08009928        0x7 lib/bsp/stm32f1_weak_it.o
 *fill*         0x0800992f        0x1 
 .rodata.CAN1_RX1_IRQHandler.str1.4
                0x08009930        0x9 lib/bsp/stm32f1_weak_it.o
 *fill*         0x08009939        0x3 
 .rodata.CAN1_SCE_IRQHandler.str1.4
                0x0800993c        0x9 lib/bsp/stm32f1_weak_it.o
 *fill*         0x08009945        0x3 
 .rodata.DMA1_Channel1_IRQHandler.str1.4
                0x08009948        0xe lib/bsp/stm32f1_weak_it.o
 *fill*         0x08009956        0x2 
 .rodata.DMA1_Channel2_IRQHandler.str1.4
                0x08009958        0xe lib/bsp/stm32f1_weak_it.o
 *fill*         0x08009966        0x2 
 .rodata.DMA1_Channel3_IRQHandler.str1.4
                0x08009968        0xe lib/bsp/stm32f1_weak_it.o
 *fill*         0x08009976        0x2 
 .rodata.DMA1_Channel4_IRQHandler.str1.4
                0x08009978        0xe lib/bsp/stm32f1_weak_it.o
 *fill*         0x08009986        0x2 
 .rodata.DMA1_Channel5_IRQHandler.str1.4
                0x08009988        0xe lib/bsp/stm32f1_weak_it.o
 *fill*         0x08009996        0x2 
 .rodata.DMA1_Channel6_IRQHandler.str1.4
                0x08009998        0xe lib/bsp/stm32f1_weak_it.o
 *fill*         0x080099a6        0x2 
 .rodata.DMA1_Channel7_IRQHandler.str1.4
                0x080099a8        0xe lib/bsp/stm32f1_weak_it.o
 *fill*         0x080099b6        0x2 
 .rodata.EXTI0_IRQHandler.str1.4
                0x080099b8        0x6 lib/bsp/stm32f1_weak_it.o
 *fill*         0x080099be        0x2 
 .rodata.EXTI15_10_IRQHandler.str1.4
                0x080099c0        0xa lib/bsp/stm32f1_weak_it.o
 *fill*         0x080099ca        0x2 
 .rodata.EXTI1_IRQHandler.str1.4
                0x080099cc        0x6 lib/bsp/stm32f1_weak_it.o
 *fill*         0x080099d2        0x2 
 .rodata.EXTI2_IRQHandler.str1.4
                0x080099d4        0x6 lib/bsp/stm32f1_weak_it.o
 *fill*         0x080099da        0x2 
 .rodata.EXTI3_IRQHandler.str1.4
                0x080099dc        0x6 lib/bsp/stm32f1_weak_it.o
 *fill*         0x080099e2        0x2 
 .rodata.EXTI4_IRQHandler.str1.4
                0x080099e4        0x6 lib/bsp/stm32f1_weak_it.o
 *fill*         0x080099ea        0x2 
 .rodata.EXTI9_5_IRQHandler.str1.4
                0x080099ec        0x8 lib/bsp/stm32f1_weak_it.o
 .rodata.FLASH_IRQHandler.str1.4
                0x080099f4        0x6 lib/bsp/stm32f1_weak_it.o
 *fill*         0x080099fa        0x2 
 .rodata.I2C1_ER_IRQHandler.str1.4
                0x080099fc        0x8 lib/bsp/stm32f1_weak_it.o
 .rodata.I2C1_EV_IRQHandler.str1.4
                0x08009a04        0x8 lib/bsp/stm32f1_weak_it.o
 .rodata.I2C2_ER_IRQHandler.str1.4
                0x08009a0c        0x8 lib/bsp/stm32f1_weak_it.o
 .rodata.I2C2_EV_IRQHandler.str1.4
                0x08009a14        0x8 lib/bsp/stm32f1_weak_it.o
 .rodata.PVD_IRQHandler.str1.4
                0x08009a1c        0x4 lib/bsp/stm32f1_weak_it.o
 .rodata.RCC_IRQHandler.str1.4
                0x08009a20        0x4 lib/bsp/stm32f1_weak_it.o
 .rodata.RTC_Alarm_IRQHandler.str1.4
                0x08009a24        0xa lib/bsp/stm32f1_weak_it.o
 *fill*         0x08009a2e        0x2 
 .rodata.RTC_IRQHandler.str1.4
                0x08009a30        0x4 lib/bsp/stm32f1_weak_it.o
 .rodata.SPI1_IRQHandler.str1.4
                0x08009a34        0x5 lib/bsp/stm32f1_weak_it.o
 *fill*         0x08009a39        0x3 
 .rodata.SPI2_IRQHandler.str1.4
                0x08009a3c        0x5 lib/bsp/stm32f1_weak_it.o
 *fill*         0x08009a41        0x3 
 .rodata.TAMPER_IRQHandler.str1.4
                0x08009a44        0x7 lib/bsp/stm32f1_weak_it.o
 *fill*         0x08009a4b        0x1 
 .rodata.TIM1_BRK_IRQHandler.str1.4
                0x08009a4c        0x9 lib/bsp/stm32f1_weak_it.o
 *fill*         0x08009a55        0x3 
 .rodata.TIM1_CC_IRQHandler.str1.4
                0x08009a58        0x8 lib/bsp/stm32f1_weak_it.o
 .rodata.TIM1_TRG_COM_IRQHandler.str1.4
                0x08009a60        0xd lib/bsp/stm32f1_weak_it.o
 *fill*         0x08009a6d        0x3 
 .rodata.TIM1_UP_IRQHandler.str1.4
                0x08009a70        0x8 lib/bsp/stm32f1_weak_it.o
 .rodata.TIM2_IRQHandler.str1.4
                0x08009a78        0x5 lib/bsp/stm32f1_weak_it.o
 *fill*         0x08009a7d        0x3 
 .rodata.TIM3_IRQHandler.str1.4
                0x08009a80        0x5 lib/bsp/stm32f1_weak_it.o
 *fill*         0x08009a85        0x3 
 .rodata.TIM4_IRQHandler.str1.4
                0x08009a88        0x5 lib/bsp/stm32f1_weak_it.o
 *fill*         0x08009a8d        0x3 
 .rodata.USBWakeUp_IRQHandler.str1.4
                0x08009a90        0xa lib/bsp/stm32f1_weak_it.o
 *fill*         0x08009a9a        0x2 
 .rodata.USB_HP_CAN1_TX_IRQHandler.str1.4
                0x08009a9c        0xf lib/bsp/stm32f1_weak_it.o
 *fill*         0x08009aab        0x1 
 .rodata.USB_LP_CAN1_RX0_IRQHandler.str1.4
                0x08009aac       0x10 lib/bsp/stm32f1_weak_it.o
 .rodata.WWDG_IRQHandler.str1.4
                0x08009abc        0x5 lib/bsp/stm32f1_weak_it.o
 *fill*         0x08009ac1        0x3 
 .rodata.str1.4
                0x08009ac4       0x21 lib/bsp/stm32f1_weak_it.o
 *fill*         0x08009ae5        0x3 
 .rodata.AHBPrescTable
                0x08009ae8       0x10 lib/bsp/system_stm32f1xx.o
                0x08009ae8                AHBPrescTable
 .rodata.APBPrescTable
                0x08009af8        0x8 lib/bsp/system_stm32f1xx.o
                0x08009af8                APBPrescTable
 .rodata._global_impure_ptr
                0x08009b00        0x4 c:/ac6/systemworkbench/plugins/fr.ac6.mcu.externaltools.arm-none.win32_1.17.0.201812190825/tools/compiler/bin/../lib/gcc/arm-none-eabi/7.3.1/../../../../arm-none-eabi/lib/thumb/v7-m\libc.a(lib_a-impure.o)
                0x08009b00                _global_impure_ptr
 .rodata._vfprintf_r.str1.4
                0x08009b04       0x3f c:/ac6/systemworkbench/plugins/fr.ac6.mcu.externaltools.arm-none.win32_1.17.0.201812190825/tools/compiler/bin/../lib/gcc/arm-none-eabi/7.3.1/../../../../arm-none-eabi/lib/thumb/v7-m\libc.a(lib_a-vfprintf.o)
                                 0x42 (size before relaxing)
 *fill*         0x08009b43        0x1 
 .rodata.blanks.7330
                0x08009b44       0x10 c:/ac6/systemworkbench/plugins/fr.ac6.mcu.externaltools.arm-none.win32_1.17.0.201812190825/tools/compiler/bin/../lib/gcc/arm-none-eabi/7.3.1/../../../../arm-none-eabi/lib/thumb/v7-m\libc.a(lib_a-vfprintf.o)
 .rodata.zeroes.7331
                0x08009b54       0x10 c:/ac6/systemworkbench/plugins/fr.ac6.mcu.externaltools.arm-none.win32_1.17.0.201812190825/tools/compiler/bin/../lib/gcc/arm-none-eabi/7.3.1/../../../../arm-none-eabi/lib/thumb/v7-m\libc.a(lib_a-vfprintf.o)
 .rodata._dtoa_r.str1.4
                0x08009b64       0x10 c:/ac6/systemworkbench/plugins/fr.ac6.mcu.externaltools.arm-none.win32_1.17.0.201812190825/tools/compiler/bin/../lib/gcc/arm-none-eabi/7.3.1/../../../../arm-none-eabi/lib/thumb/v7-m\libc.a(lib_a-dtoa.o)
                                 0x12 (size before relaxing)
 *fill*         0x08009b74        0x4 
 .rodata.__mprec_bigtens
                0x08009b78       0x28 c:/ac6/systemworkbench/plugins/fr.ac6.mcu.externaltools.arm-none.win32_1.17.0.201812190825/tools/compiler/bin/../lib/gcc/arm-none-eabi/7.3.1/../../../../arm-none-eabi/lib/thumb/v7-m\libc.a(lib_a-mprec.o)
                0x08009b78                __mprec_bigtens
 .rodata.__mprec_tens
                0x08009ba0       0xc8 c:/ac6/systemworkbench/plugins/fr.ac6.mcu.externaltools.arm-none.win32_1.17.0.201812190825/tools/compiler/bin/../lib/gcc/arm-none-eabi/7.3.1/../../../../arm-none-eabi/lib/thumb/v7-m\libc.a(lib_a-mprec.o)
                0x08009ba0                __mprec_tens
 .rodata.p05.6092
                0x08009c68        0xc c:/ac6/systemworkbench/plugins/fr.ac6.mcu.externaltools.arm-none.win32_1.17.0.201812190825/tools/compiler/bin/../lib/gcc/arm-none-eabi/7.3.1/../../../../arm-none-eabi/lib/thumb/v7-m\libc.a(lib_a-mprec.o)
 .rodata._svfprintf_r.str1.4
                0x08009c74       0x42 c:/ac6/systemworkbench/plugins/fr.ac6.mcu.externaltools.arm-none.win32_1.17.0.201812190825/tools/compiler/bin/../lib/gcc/arm-none-eabi/7.3.1/../../../../arm-none-eabi/lib/thumb/v7-m\libc.a(lib_a-svfprintf.o)
 .rodata.blanks.7315
                0x08009c74       0x10 c:/ac6/systemworkbench/plugins/fr.ac6.mcu.externaltools.arm-none.win32_1.17.0.201812190825/tools/compiler/bin/../lib/gcc/arm-none-eabi/7.3.1/../../../../arm-none-eabi/lib/thumb/v7-m\libc.a(lib_a-svfprintf.o)
 .rodata.zeroes.7316
                0x08009c84       0x10 c:/ac6/systemworkbench/plugins/fr.ac6.mcu.externaltools.arm-none.win32_1.17.0.201812190825/tools/compiler/bin/../lib/gcc/arm-none-eabi/7.3.1/../../../../arm-none-eabi/lib/thumb/v7-m\libc.a(lib_a-svfprintf.o)
 .rodata._setlocale_r.str1.4
                0x08009c94        0xa c:/ac6/systemworkbench/plugins/fr.ac6.mcu.externaltools.arm-none.win32_1.17.0.201812190825/tools/compiler/bin/../lib/gcc/arm-none-eabi/7.3.1/../../../../arm-none-eabi/lib/thumb/v7-m\libc.a(lib_a-locale.o)
                                  0xd (size before relaxing)
 *fill*         0x08009c9e        0x2 
 .rodata.str1.4
                0x08009ca0        0x4 c:/ac6/systemworkbench/plugins/fr.ac6.mcu.externaltools.arm-none.win32_1.17.0.201812190825/tools/compiler/bin/../lib/gcc/arm-none-eabi/7.3.1/../../../../arm-none-eabi/lib/thumb/v7-m\libc.a(lib_a-locale.o)
                                  0x2 (size before relaxing)
 .rodata._ctype_
                0x08009ca4      0x101 c:/ac6/systemworkbench/plugins/fr.ac6.mcu.externaltools.arm-none.win32_1.17.0.201812190825/tools/compiler/bin/../lib/gcc/arm-none-eabi/7.3.1/../../../../arm-none-eabi/lib/thumb/v7-m\libc.a(lib_a-ctype_.o)
                0x08009ca4                _ctype_
                0x08009da8                . = ALIGN (0x4)
 *fill*         0x08009da5        0x3 

.ARM.extab
 *(.ARM.extab* .gnu.linkonce.armextab.*)

.ARM            0x08009da8        0x8
                0x08009da8                __exidx_start = .
 *(.ARM.exidx*)
 .ARM.exidx     0x08009da8        0x8 c:/ac6/systemworkbench/plugins/fr.ac6.mcu.externaltools.arm-none.win32_1.17.0.201812190825/tools/compiler/bin/../lib/gcc/arm-none-eabi/7.3.1/thumb/v7-m\libgcc.a(_udivmoddi4.o)
                0x08009db0                __exidx_end = .

.rel.dyn        0x08009db0        0x0
 .rel.iplt      0x08009db0        0x0 c:/ac6/systemworkbench/plugins/fr.ac6.mcu.externaltools.arm-none.win32_1.17.0.201812190825/tools/compiler/bin/../lib/gcc/arm-none-eabi/7.3.1/thumb/v7-m/crtbegin.o

.preinit_array  0x08009db0        0x0
                0x08009db0                PROVIDE (__preinit_array_start = .)
 *(.preinit_array*)
                0x08009db0                PROVIDE (__preinit_array_end = .)

.init_array     0x08009db0        0x8
                0x08009db0                PROVIDE (__init_array_start = .)
 *(SORT_BY_NAME(.init_array.*))
 .init_array.00000
                0x08009db0        0x4 c:/ac6/systemworkbench/plugins/fr.ac6.mcu.externaltools.arm-none.win32_1.17.0.201812190825/tools/compiler/bin/../lib/gcc/arm-none-eabi/7.3.1/../../../../arm-none-eabi/lib/thumb/v7-m\libc.a(lib_a-__call_atexit.o)
 *(.init_array*)
 .init_array    0x08009db4        0x4 c:/ac6/systemworkbench/plugins/fr.ac6.mcu.externaltools.arm-none.win32_1.17.0.201812190825/tools/compiler/bin/../lib/gcc/arm-none-eabi/7.3.1/thumb/v7-m/crtbegin.o
                0x08009db8                PROVIDE (__init_array_end = .)

.fini_array     0x08009db8        0x4
                0x08009db8                PROVIDE (__fini_array_start = .)
 *(SORT_BY_NAME(.fini_array.*))
 *(.fini_array*)
 .fini_array    0x08009db8        0x4 c:/ac6/systemworkbench/plugins/fr.ac6.mcu.externaltools.arm-none.win32_1.17.0.201812190825/tools/compiler/bin/../lib/gcc/arm-none-eabi/7.3.1/thumb/v7-m/crtbegin.o
                0x08009dbc                PROVIDE (__fini_array_end = .)
                0x08009dbc                _sidata = LOADADDR (.data)

.data           0x20000000      0x9c0 load address 0x08009dbc
                0x20000000                . = ALIGN (0x4)
                0x20000000                _sdata = .
 *(.data)
 *(.data*)
 .data.msg      0x20000000        0x4 lib/bsp/stm32f1_weak_it.o
                0x20000000                msg
 .data.SystemCoreClock
                0x20000004        0x4 lib/bsp/system_stm32f1xx.o
                0x20000004                SystemCoreClock
 .data.uwTickFreq
                0x20000008        0x1 lib/hal/src/stm32f1xx_hal.o
                0x20000008                uwTickFreq
 *fill*         0x20000009        0x3 
 .data.uwTickPrio
                0x2000000c        0x4 lib/hal/src/stm32f1xx_hal.o
                0x2000000c                uwTickPrio
 .data._impure_ptr
                0x20000010        0x4 c:/ac6/systemworkbench/plugins/fr.ac6.mcu.externaltools.arm-none.win32_1.17.0.201812190825/tools/compiler/bin/../lib/gcc/arm-none-eabi/7.3.1/../../../../arm-none-eabi/lib/thumb/v7-m\libc.a(lib_a-impure.o)
                0x20000010                _impure_ptr
 *fill*         0x20000014        0x4 
 .data.impure_data
                0x20000018      0x428 c:/ac6/systemworkbench/plugins/fr.ac6.mcu.externaltools.arm-none.win32_1.17.0.201812190825/tools/compiler/bin/../lib/gcc/arm-none-eabi/7.3.1/../../../../arm-none-eabi/lib/thumb/v7-m\libc.a(lib_a-impure.o)
 .data.__malloc_av_
                0x20000440      0x408 c:/ac6/systemworkbench/plugins/fr.ac6.mcu.externaltools.arm-none.win32_1.17.0.201812190825/tools/compiler/bin/../lib/gcc/arm-none-eabi/7.3.1/../../../../arm-none-eabi/lib/thumb/v7-m\libc.a(lib_a-mallocr.o)
                0x20000440                __malloc_av_
 .data.__malloc_sbrk_base
                0x20000848        0x4 c:/ac6/systemworkbench/plugins/fr.ac6.mcu.externaltools.arm-none.win32_1.17.0.201812190825/tools/compiler/bin/../lib/gcc/arm-none-eabi/7.3.1/../../../../arm-none-eabi/lib/thumb/v7-m\libc.a(lib_a-mallocr.o)
                0x20000848                __malloc_sbrk_base
 .data.__malloc_trim_threshold
                0x2000084c        0x4 c:/ac6/systemworkbench/plugins/fr.ac6.mcu.externaltools.arm-none.win32_1.17.0.201812190825/tools/compiler/bin/../lib/gcc/arm-none-eabi/7.3.1/../../../../arm-none-eabi/lib/thumb/v7-m\libc.a(lib_a-mallocr.o)
                0x2000084c                __malloc_trim_threshold
 .data.__atexit_recursive_mutex
                0x20000850        0x4 c:/ac6/systemworkbench/plugins/fr.ac6.mcu.externaltools.arm-none.win32_1.17.0.201812190825/tools/compiler/bin/../lib/gcc/arm-none-eabi/7.3.1/../../../../arm-none-eabi/lib/thumb/v7-m\libc.a(lib_a-__call_atexit.o)
                0x20000850                __atexit_recursive_mutex
 .data.__global_locale
                0x20000854      0x16c c:/ac6/systemworkbench/plugins/fr.ac6.mcu.externaltools.arm-none.win32_1.17.0.201812190825/tools/compiler/bin/../lib/gcc/arm-none-eabi/7.3.1/../../../../arm-none-eabi/lib/thumb/v7-m\libc.a(lib_a-locale.o)
                0x20000854                __global_locale
                0x200009c0                . = ALIGN (0x4)
                0x200009c0                _edata = .

.igot.plt       0x200009c0        0x0 load address 0x0800a77c
 .igot.plt      0x200009c0        0x0 c:/ac6/systemworkbench/plugins/fr.ac6.mcu.externaltools.arm-none.win32_1.17.0.201812190825/tools/compiler/bin/../lib/gcc/arm-none-eabi/7.3.1/thumb/v7-m/crtbegin.o
                0x200009c0                . = ALIGN (0x4)

.bss            0x200009c0      0x330 load address 0x0800a77c
                0x200009c0                _sbss = .
                0x200009c0                __bss_start__ = _sbss
 *(.bss)
 .bss           0x200009c0       0x1c c:/ac6/systemworkbench/plugins/fr.ac6.mcu.externaltools.arm-none.win32_1.17.0.201812190825/tools/compiler/bin/../lib/gcc/arm-none-eabi/7.3.1/thumb/v7-m/crtbegin.o
 *(.bss*)
 .bss.heap_end.8645
                0x200009dc        0x4 lib/bsp/stm32f1_sys.o
 .bss.stderr_usart
                0x200009e0        0x1 lib/bsp/stm32f1_sys.o
 .bss.stdin_usart
                0x200009e1        0x1 lib/bsp/stm32f1_sys.o
 .bss.stdout_usart
                0x200009e2        0x1 lib/bsp/stm32f1_sys.o
 *fill*         0x200009e3        0x1 
 .bss.UART_HandleStructure
                0x200009e4       0xc0 lib/bsp/stm32f1_uart.o
 .bss.buffer_rx
                0x20000aa4      0x180 lib/bsp/stm32f1_uart.o
 .bss.buffer_rx_data_ready
                0x20000c24        0xc lib/bsp/stm32f1_uart.o
 .bss.buffer_rx_read_index
                0x20000c30        0xc lib/bsp/stm32f1_uart.o
 .bss.buffer_rx_write_index
                0x20000c3c        0x3 lib/bsp/stm32f1_uart.o
 *fill*         0x20000c3f        0x1 
 .bss.uart_initialized
                0x20000c40        0xc lib/bsp/stm32f1_uart.o
 .bss.callback_functions
                0x20000c4c       0x40 lib/bsp/systick.o
 .bss.initialized
                0x20000c8c        0x4 lib/bsp/systick.o
 .bss.__malloc_current_mallinfo
                0x20000c90       0x28 c:/ac6/systemworkbench/plugins/fr.ac6.mcu.externaltools.arm-none.win32_1.17.0.201812190825/tools/compiler/bin/../lib/gcc/arm-none-eabi/7.3.1/../../../../arm-none-eabi/lib/thumb/v7-m\libc.a(lib_a-mallocr.o)
                0x20000c90                __malloc_current_mallinfo
 .bss.__malloc_max_sbrked_mem
                0x20000cb8        0x4 c:/ac6/systemworkbench/plugins/fr.ac6.mcu.externaltools.arm-none.win32_1.17.0.201812190825/tools/compiler/bin/../lib/gcc/arm-none-eabi/7.3.1/../../../../arm-none-eabi/lib/thumb/v7-m\libc.a(lib_a-mallocr.o)
                0x20000cb8                __malloc_max_sbrked_mem
 .bss.__malloc_max_total_mem
                0x20000cbc        0x4 c:/ac6/systemworkbench/plugins/fr.ac6.mcu.externaltools.arm-none.win32_1.17.0.201812190825/tools/compiler/bin/../lib/gcc/arm-none-eabi/7.3.1/../../../../arm-none-eabi/lib/thumb/v7-m\libc.a(lib_a-mallocr.o)
                0x20000cbc                __malloc_max_total_mem
 .bss.__malloc_top_pad
                0x20000cc0        0x4 c:/ac6/systemworkbench/plugins/fr.ac6.mcu.externaltools.arm-none.win32_1.17.0.201812190825/tools/compiler/bin/../lib/gcc/arm-none-eabi/7.3.1/../../../../arm-none-eabi/lib/thumb/v7-m\libc.a(lib_a-mallocr.o)
                0x20000cc0                __malloc_top_pad
 *(COMMON)
 COMMON         0x20000cc4        0x4 lib/hal/src/stm32f1xx_hal.o
                0x20000cc4                uwTick
 COMMON         0x20000cc8       0x21 c:/ac6/systemworkbench/plugins/fr.ac6.mcu.externaltools.arm-none.win32_1.17.0.201812190825/tools/compiler/bin/../lib/gcc/arm-none-eabi/7.3.1/../../../../arm-none-eabi/lib/thumb/v7-m\libc.a(lib_a-lock.o)
                0x20000cc8                __lock___atexit_recursive_mutex
                0x20000ccc                __lock___arc4random_mutex
                0x20000cd0                __lock___env_recursive_mutex
                0x20000cd4                __lock___sinit_recursive_mutex
                0x20000cd8                __lock___malloc_recursive_mutex
                0x20000cdc                __lock___at_quick_exit_mutex
                0x20000ce0                __lock___dd_hash_mutex
                0x20000ce4                __lock___tz_mutex
                0x20000ce8                __lock___sfp_recursive_mutex
 *fill*         0x20000ce9        0x3 
 COMMON         0x20000cec        0x4 c:/ac6/systemworkbench/plugins/fr.ac6.mcu.externaltools.arm-none.win32_1.17.0.201812190825/tools/compiler/bin/../lib/gcc/arm-none-eabi/7.3.1/../../../../arm-none-eabi/lib/thumb/v7-m\libc.a(lib_a-reent.o)
                0x20000cec                errno
                0x20000cf0                . = ALIGN (0x4)
                0x20000cf0                _ebss = .
                0x20000cf0                __bss_end__ = _ebss

._user_heap_stack
                0x20000cf0      0x600 load address 0x0800a77c
                0x20000cf0                . = ALIGN (0x8)
                0x20000cf0                PROVIDE (end = .)
                [!provide]                PROVIDE (_end = .)
                0x20000ef0                . = (. + _Min_Heap_Size)
 *fill*         0x20000cf0      0x200 
                0x200012f0                . = (. + _Min_Stack_Size)
 *fill*         0x20000ef0      0x400 
                0x200012f0                . = ALIGN (0x8)

/DISCARD/
 libc.a(*)
 libm.a(*)
 libgcc.a(*)

.ARM.attributes
                0x00000000       0x29
 *(.ARM.attributes)
 .ARM.attributes
                0x00000000       0x1d c:/ac6/systemworkbench/plugins/fr.ac6.mcu.externaltools.arm-none.win32_1.17.0.201812190825/tools/compiler/bin/../lib/gcc/arm-none-eabi/7.3.1/thumb/v7-m/crti.o
 .ARM.attributes
                0x0000001d       0x2d c:/ac6/systemworkbench/plugins/fr.ac6.mcu.externaltools.arm-none.win32_1.17.0.201812190825/tools/compiler/bin/../lib/gcc/arm-none-eabi/7.3.1/thumb/v7-m/crtbegin.o
 .ARM.attributes
                0x0000004a       0x33 appli/main.o
 .ARM.attributes
                0x0000007d       0x33 lib/bsp/stm32f1_gpio.o
 .ARM.attributes
                0x000000b0       0x33 lib/bsp/stm32f1_sys.o
 .ARM.attributes
                0x000000e3       0x33 lib/bsp/stm32f1_uart.o
 .ARM.attributes
                0x00000116       0x33 lib/bsp/stm32f1_weak_it.o
 .ARM.attributes
                0x00000149       0x33 lib/bsp/system_stm32f1xx.o
 .ARM.attributes
                0x0000017c       0x33 lib/bsp/systick.o
 .ARM.attributes
                0x000001af       0x33 lib/hal/src/stm32f1xx_hal.o
 .ARM.attributes
                0x000001e2       0x33 lib/hal/src/stm32f1xx_hal_cortex.o
 .ARM.attributes
                0x00000215       0x33 lib/hal/src/stm32f1xx_hal_dma.o
 .ARM.attributes
                0x00000248       0x33 lib/hal/src/stm32f1xx_hal_gpio.o
 .ARM.attributes
                0x0000027b       0x33 lib/hal/src/stm32f1xx_hal_rcc.o
 .ARM.attributes
                0x000002ae       0x33 lib/hal/src/stm32f1xx_hal_uart.o
 .ARM.attributes
                0x000002e1       0x21 lib/startup_stm32f103xb.o
 .ARM.attributes
                0x00000302       0x2d c:/ac6/systemworkbench/plugins/fr.ac6.mcu.externaltools.arm-none.win32_1.17.0.201812190825/tools/compiler/bin/../lib/gcc/arm-none-eabi/7.3.1/../../../../arm-none-eabi/lib/thumb/v7-m\libc.a(lib_a-errno.o)
 .ARM.attributes
                0x0000032f       0x2d c:/ac6/systemworkbench/plugins/fr.ac6.mcu.externaltools.arm-none.win32_1.17.0.201812190825/tools/compiler/bin/../lib/gcc/arm-none-eabi/7.3.1/../../../../arm-none-eabi/lib/thumb/v7-m\libc.a(lib_a-impure.o)
 .ARM.attributes
                0x0000035c       0x2d c:/ac6/systemworkbench/plugins/fr.ac6.mcu.externaltools.arm-none.win32_1.17.0.201812190825/tools/compiler/bin/../lib/gcc/arm-none-eabi/7.3.1/../../../../arm-none-eabi/lib/thumb/v7-m\libc.a(lib_a-init.o)
 .ARM.attributes
                0x00000389       0x2d c:/ac6/systemworkbench/plugins/fr.ac6.mcu.externaltools.arm-none.win32_1.17.0.201812190825/tools/compiler/bin/../lib/gcc/arm-none-eabi/7.3.1/../../../../arm-none-eabi/lib/thumb/v7-m\libc.a(lib_a-malloc.o)
 .ARM.attributes
                0x000003b6       0x2d c:/ac6/systemworkbench/plugins/fr.ac6.mcu.externaltools.arm-none.win32_1.17.0.201812190825/tools/compiler/bin/../lib/gcc/arm-none-eabi/7.3.1/../../../../arm-none-eabi/lib/thumb/v7-m\libc.a(lib_a-mallocr.o)
 .ARM.attributes
                0x000003e3       0x2d c:/ac6/systemworkbench/plugins/fr.ac6.mcu.externaltools.arm-none.win32_1.17.0.201812190825/tools/compiler/bin/../lib/gcc/arm-none-eabi/7.3.1/../../../../arm-none-eabi/lib/thumb/v7-m\libc.a(lib_a-memset.o)
 .ARM.attributes
                0x00000410       0x2d c:/ac6/systemworkbench/plugins/fr.ac6.mcu.externaltools.arm-none.win32_1.17.0.201812190825/tools/compiler/bin/../lib/gcc/arm-none-eabi/7.3.1/../../../../arm-none-eabi/lib/thumb/v7-m\libc.a(lib_a-mlock.o)
 .ARM.attributes
                0x0000043d       0x2d c:/ac6/systemworkbench/plugins/fr.ac6.mcu.externaltools.arm-none.win32_1.17.0.201812190825/tools/compiler/bin/../lib/gcc/arm-none-eabi/7.3.1/../../../../arm-none-eabi/lib/thumb/v7-m\libc.a(lib_a-printf.o)
 .ARM.attributes
                0x0000046a       0x2d c:/ac6/systemworkbench/plugins/fr.ac6.mcu.externaltools.arm-none.win32_1.17.0.201812190825/tools/compiler/bin/../lib/gcc/arm-none-eabi/7.3.1/../../../../arm-none-eabi/lib/thumb/v7-m\libc.a(lib_a-setvbuf.o)
 .ARM.attributes
                0x00000497       0x2d c:/ac6/systemworkbench/plugins/fr.ac6.mcu.externaltools.arm-none.win32_1.17.0.201812190825/tools/compiler/bin/../lib/gcc/arm-none-eabi/7.3.1/../../../../arm-none-eabi/lib/thumb/v7-m\libc.a(lib_a-strlen-stub.o)
 .ARM.attributes
                0x000004c4       0x2d c:/ac6/systemworkbench/plugins/fr.ac6.mcu.externaltools.arm-none.win32_1.17.0.201812190825/tools/compiler/bin/../lib/gcc/arm-none-eabi/7.3.1/../../../../arm-none-eabi/lib/thumb/v7-m\libc.a(lib_a-vfprintf.o)
 .ARM.attributes
                0x000004f1       0x2d c:/ac6/systemworkbench/plugins/fr.ac6.mcu.externaltools.arm-none.win32_1.17.0.201812190825/tools/compiler/bin/../lib/gcc/arm-none-eabi/7.3.1/../../../../arm-none-eabi/lib/thumb/v7-m\libc.a(lib_a-vsnprintf.o)
 .ARM.attributes
                0x0000051e       0x2d c:/ac6/systemworkbench/plugins/fr.ac6.mcu.externaltools.arm-none.win32_1.17.0.201812190825/tools/compiler/bin/../lib/gcc/arm-none-eabi/7.3.1/../../../../arm-none-eabi/lib/thumb/v7-m\libc.a(lib_a-wsetup.o)
 .ARM.attributes
                0x0000054b       0x2d c:/ac6/systemworkbench/plugins/fr.ac6.mcu.externaltools.arm-none.win32_1.17.0.201812190825/tools/compiler/bin/../lib/gcc/arm-none-eabi/7.3.1/../../../../arm-none-eabi/lib/thumb/v7-m\libc.a(lib_a-__call_atexit.o)
 .ARM.attributes
                0x00000578       0x2d c:/ac6/systemworkbench/plugins/fr.ac6.mcu.externaltools.arm-none.win32_1.17.0.201812190825/tools/compiler/bin/../lib/gcc/arm-none-eabi/7.3.1/../../../../arm-none-eabi/lib/thumb/v7-m\libc.a(lib_a-atexit.o)
 .ARM.attributes
                0x000005a5       0x2d c:/ac6/systemworkbench/plugins/fr.ac6.mcu.externaltools.arm-none.win32_1.17.0.201812190825/tools/compiler/bin/../lib/gcc/arm-none-eabi/7.3.1/../../../../arm-none-eabi/lib/thumb/v7-m\libc.a(lib_a-dtoa.o)
 .ARM.attributes
                0x000005d2       0x2d c:/ac6/systemworkbench/plugins/fr.ac6.mcu.externaltools.arm-none.win32_1.17.0.201812190825/tools/compiler/bin/../lib/gcc/arm-none-eabi/7.3.1/../../../../arm-none-eabi/lib/thumb/v7-m\libc.a(lib_a-fflush.o)
 .ARM.attributes
                0x000005ff       0x2d c:/ac6/systemworkbench/plugins/fr.ac6.mcu.externaltools.arm-none.win32_1.17.0.201812190825/tools/compiler/bin/../lib/gcc/arm-none-eabi/7.3.1/../../../../arm-none-eabi/lib/thumb/v7-m\libc.a(lib_a-findfp.o)
 .ARM.attributes
                0x0000062c       0x2d c:/ac6/systemworkbench/plugins/fr.ac6.mcu.externaltools.arm-none.win32_1.17.0.201812190825/tools/compiler/bin/../lib/gcc/arm-none-eabi/7.3.1/../../../../arm-none-eabi/lib/thumb/v7-m\libc.a(lib_a-fini.o)
 .ARM.attributes
                0x00000659       0x2d c:/ac6/systemworkbench/plugins/fr.ac6.mcu.externaltools.arm-none.win32_1.17.0.201812190825/tools/compiler/bin/../lib/gcc/arm-none-eabi/7.3.1/../../../../arm-none-eabi/lib/thumb/v7-m\libc.a(lib_a-freer.o)
 .ARM.attributes
                0x00000686       0x2d c:/ac6/systemworkbench/plugins/fr.ac6.mcu.externaltools.arm-none.win32_1.17.0.201812190825/tools/compiler/bin/../lib/gcc/arm-none-eabi/7.3.1/../../../../arm-none-eabi/lib/thumb/v7-m\libc.a(lib_a-fwalk.o)
 .ARM.attributes
                0x000006b3       0x2d c:/ac6/systemworkbench/plugins/fr.ac6.mcu.externaltools.arm-none.win32_1.17.0.201812190825/tools/compiler/bin/../lib/gcc/arm-none-eabi/7.3.1/../../../../arm-none-eabi/lib/thumb/v7-m\libc.a(lib_a-localeconv.o)
 .ARM.attributes
                0x000006e0       0x2d c:/ac6/systemworkbench/plugins/fr.ac6.mcu.externaltools.arm-none.win32_1.17.0.201812190825/tools/compiler/bin/../lib/gcc/arm-none-eabi/7.3.1/../../../../arm-none-eabi/lib/thumb/v7-m\libc.a(lib_a-lock.o)
 .ARM.attributes
                0x0000070d       0x2d c:/ac6/systemworkbench/plugins/fr.ac6.mcu.externaltools.arm-none.win32_1.17.0.201812190825/tools/compiler/bin/../lib/gcc/arm-none-eabi/7.3.1/../../../../arm-none-eabi/lib/thumb/v7-m\libc.a(lib_a-makebuf.o)
 .ARM.attributes
                0x0000073a       0x2d c:/ac6/systemworkbench/plugins/fr.ac6.mcu.externaltools.arm-none.win32_1.17.0.201812190825/tools/compiler/bin/../lib/gcc/arm-none-eabi/7.3.1/../../../../arm-none-eabi/lib/thumb/v7-m\libc.a(lib_a-memchr-stub.o)
 .ARM.attributes
                0x00000767       0x1b c:/ac6/systemworkbench/plugins/fr.ac6.mcu.externaltools.arm-none.win32_1.17.0.201812190825/tools/compiler/bin/../lib/gcc/arm-none-eabi/7.3.1/../../../../arm-none-eabi/lib/thumb/v7-m\libc.a(lib_a-memcpy.o)
 .ARM.attributes
                0x00000782       0x2d c:/ac6/systemworkbench/plugins/fr.ac6.mcu.externaltools.arm-none.win32_1.17.0.201812190825/tools/compiler/bin/../lib/gcc/arm-none-eabi/7.3.1/../../../../arm-none-eabi/lib/thumb/v7-m\libc.a(lib_a-mprec.o)
 .ARM.attributes
                0x000007af       0x2d c:/ac6/systemworkbench/plugins/fr.ac6.mcu.externaltools.arm-none.win32_1.17.0.201812190825/tools/compiler/bin/../lib/gcc/arm-none-eabi/7.3.1/../../../../arm-none-eabi/lib/thumb/v7-m\libc.a(lib_a-s_frexp.o)
 .ARM.attributes
                0x000007dc       0x2d c:/ac6/systemworkbench/plugins/fr.ac6.mcu.externaltools.arm-none.win32_1.17.0.201812190825/tools/compiler/bin/../lib/gcc/arm-none-eabi/7.3.1/../../../../arm-none-eabi/lib/thumb/v7-m\libc.a(lib_a-stdio.o)
 .ARM.attributes
                0x00000809       0x2d c:/ac6/systemworkbench/plugins/fr.ac6.mcu.externaltools.arm-none.win32_1.17.0.201812190825/tools/compiler/bin/../lib/gcc/arm-none-eabi/7.3.1/../../../../arm-none-eabi/lib/thumb/v7-m\libc.a(lib_a-strncpy.o)
 .ARM.attributes
                0x00000836       0x2d c:/ac6/systemworkbench/plugins/fr.ac6.mcu.externaltools.arm-none.win32_1.17.0.201812190825/tools/compiler/bin/../lib/gcc/arm-none-eabi/7.3.1/../../../../arm-none-eabi/lib/thumb/v7-m\libc.a(lib_a-svfprintf.o)
 .ARM.attributes
                0x00000863       0x2d c:/ac6/systemworkbench/plugins/fr.ac6.mcu.externaltools.arm-none.win32_1.17.0.201812190825/tools/compiler/bin/../lib/gcc/arm-none-eabi/7.3.1/../../../../arm-none-eabi/lib/thumb/v7-m\libc.a(lib_a-vfiprintf.o)
 .ARM.attributes
                0x00000890       0x2d c:/ac6/systemworkbench/plugins/fr.ac6.mcu.externaltools.arm-none.win32_1.17.0.201812190825/tools/compiler/bin/../lib/gcc/arm-none-eabi/7.3.1/../../../../arm-none-eabi/lib/thumb/v7-m\libc.a(lib_a-writer.o)
 .ARM.attributes
                0x000008bd       0x2d c:/ac6/systemworkbench/plugins/fr.ac6.mcu.externaltools.arm-none.win32_1.17.0.201812190825/tools/compiler/bin/../lib/gcc/arm-none-eabi/7.3.1/../../../../arm-none-eabi/lib/thumb/v7-m\libc.a(lib_a-__atexit.o)
 .ARM.attributes
                0x000008ea       0x2d c:/ac6/systemworkbench/plugins/fr.ac6.mcu.externaltools.arm-none.win32_1.17.0.201812190825/tools/compiler/bin/../lib/gcc/arm-none-eabi/7.3.1/../../../../arm-none-eabi/lib/thumb/v7-m\libc.a(lib_a-callocr.o)
 .ARM.attributes
                0x00000917       0x2d c:/ac6/systemworkbench/plugins/fr.ac6.mcu.externaltools.arm-none.win32_1.17.0.201812190825/tools/compiler/bin/../lib/gcc/arm-none-eabi/7.3.1/../../../../arm-none-eabi/lib/thumb/v7-m\libc.a(lib_a-closer.o)
 .ARM.attributes
                0x00000944       0x2d c:/ac6/systemworkbench/plugins/fr.ac6.mcu.externaltools.arm-none.win32_1.17.0.201812190825/tools/compiler/bin/../lib/gcc/arm-none-eabi/7.3.1/../../../../arm-none-eabi/lib/thumb/v7-m\libc.a(lib_a-fclose.o)
 .ARM.attributes
                0x00000971       0x2d c:/ac6/systemworkbench/plugins/fr.ac6.mcu.externaltools.arm-none.win32_1.17.0.201812190825/tools/compiler/bin/../lib/gcc/arm-none-eabi/7.3.1/../../../../arm-none-eabi/lib/thumb/v7-m\libc.a(lib_a-fputwc.o)
 .ARM.attributes
                0x0000099e       0x2d c:/ac6/systemworkbench/plugins/fr.ac6.mcu.externaltools.arm-none.win32_1.17.0.201812190825/tools/compiler/bin/../lib/gcc/arm-none-eabi/7.3.1/../../../../arm-none-eabi/lib/thumb/v7-m\libc.a(lib_a-fstatr.o)
 .ARM.attributes
                0x000009cb       0x2d c:/ac6/systemworkbench/plugins/fr.ac6.mcu.externaltools.arm-none.win32_1.17.0.201812190825/tools/compiler/bin/../lib/gcc/arm-none-eabi/7.3.1/../../../../arm-none-eabi/lib/thumb/v7-m\libc.a(lib_a-fvwrite.o)
 .ARM.attributes
                0x000009f8       0x2d c:/ac6/systemworkbench/plugins/fr.ac6.mcu.externaltools.arm-none.win32_1.17.0.201812190825/tools/compiler/bin/../lib/gcc/arm-none-eabi/7.3.1/../../../../arm-none-eabi/lib/thumb/v7-m\libc.a(lib_a-isattyr.o)
 .ARM.attributes
                0x00000a25       0x2d c:/ac6/systemworkbench/plugins/fr.ac6.mcu.externaltools.arm-none.win32_1.17.0.201812190825/tools/compiler/bin/../lib/gcc/arm-none-eabi/7.3.1/../../../../arm-none-eabi/lib/thumb/v7-m\libc.a(lib_a-locale.o)
 .ARM.attributes
                0x00000a52       0x2d c:/ac6/systemworkbench/plugins/fr.ac6.mcu.externaltools.arm-none.win32_1.17.0.201812190825/tools/compiler/bin/../lib/gcc/arm-none-eabi/7.3.1/../../../../arm-none-eabi/lib/thumb/v7-m\libc.a(lib_a-lseekr.o)
 .ARM.attributes
                0x00000a7f       0x2d c:/ac6/systemworkbench/plugins/fr.ac6.mcu.externaltools.arm-none.win32_1.17.0.201812190825/tools/compiler/bin/../lib/gcc/arm-none-eabi/7.3.1/../../../../arm-none-eabi/lib/thumb/v7-m\libc.a(lib_a-mbtowc_r.o)
 .ARM.attributes
                0x00000aac       0x2d c:/ac6/systemworkbench/plugins/fr.ac6.mcu.externaltools.arm-none.win32_1.17.0.201812190825/tools/compiler/bin/../lib/gcc/arm-none-eabi/7.3.1/../../../../arm-none-eabi/lib/thumb/v7-m\libc.a(lib_a-memmove.o)
 .ARM.attributes
                0x00000ad9       0x2d c:/ac6/systemworkbench/plugins/fr.ac6.mcu.externaltools.arm-none.win32_1.17.0.201812190825/tools/compiler/bin/../lib/gcc/arm-none-eabi/7.3.1/../../../../arm-none-eabi/lib/thumb/v7-m\libc.a(lib_a-readr.o)
 .ARM.attributes
                0x00000b06       0x2d c:/ac6/systemworkbench/plugins/fr.ac6.mcu.externaltools.arm-none.win32_1.17.0.201812190825/tools/compiler/bin/../lib/gcc/arm-none-eabi/7.3.1/../../../../arm-none-eabi/lib/thumb/v7-m\libc.a(lib_a-reallocr.o)
 .ARM.attributes
                0x00000b33       0x2d c:/ac6/systemworkbench/plugins/fr.ac6.mcu.externaltools.arm-none.win32_1.17.0.201812190825/tools/compiler/bin/../lib/gcc/arm-none-eabi/7.3.1/../../../../arm-none-eabi/lib/thumb/v7-m\libc.a(lib_a-reent.o)
 .ARM.attributes
                0x00000b60       0x2d c:/ac6/systemworkbench/plugins/fr.ac6.mcu.externaltools.arm-none.win32_1.17.0.201812190825/tools/compiler/bin/../lib/gcc/arm-none-eabi/7.3.1/../../../../arm-none-eabi/lib/thumb/v7-m\libc.a(lib_a-svfiprintf.o)
 .ARM.attributes
                0x00000b8d       0x2d c:/ac6/systemworkbench/plugins/fr.ac6.mcu.externaltools.arm-none.win32_1.17.0.201812190825/tools/compiler/bin/../lib/gcc/arm-none-eabi/7.3.1/../../../../arm-none-eabi/lib/thumb/v7-m\libc.a(lib_a-wbuf.o)
 .ARM.attributes
                0x00000bba       0x2d c:/ac6/systemworkbench/plugins/fr.ac6.mcu.externaltools.arm-none.win32_1.17.0.201812190825/tools/compiler/bin/../lib/gcc/arm-none-eabi/7.3.1/../../../../arm-none-eabi/lib/thumb/v7-m\libc.a(lib_a-wcrtomb.o)
 .ARM.attributes
                0x00000be7       0x2d c:/ac6/systemworkbench/plugins/fr.ac6.mcu.externaltools.arm-none.win32_1.17.0.201812190825/tools/compiler/bin/../lib/gcc/arm-none-eabi/7.3.1/../../../../arm-none-eabi/lib/thumb/v7-m\libc.a(lib_a-wctomb_r.o)
 .ARM.attributes
                0x00000c14       0x2d c:/ac6/systemworkbench/plugins/fr.ac6.mcu.externaltools.arm-none.win32_1.17.0.201812190825/tools/compiler/bin/../lib/gcc/arm-none-eabi/7.3.1/../../../../arm-none-eabi/lib/thumb/v7-m\libc.a(lib_a-ctype_.o)
 .ARM.attributes
                0x00000c41       0x1d c:/ac6/systemworkbench/plugins/fr.ac6.mcu.externaltools.arm-none.win32_1.17.0.201812190825/tools/compiler/bin/../lib/gcc/arm-none-eabi/7.3.1/thumb/v7-m\libgcc.a(_arm_addsubdf3.o)
 .ARM.attributes
                0x00000c5e       0x1d c:/ac6/systemworkbench/plugins/fr.ac6.mcu.externaltools.arm-none.win32_1.17.0.201812190825/tools/compiler/bin/../lib/gcc/arm-none-eabi/7.3.1/thumb/v7-m\libgcc.a(_arm_muldivdf3.o)
 .ARM.attributes
                0x00000c7b       0x1d c:/ac6/systemworkbench/plugins/fr.ac6.mcu.externaltools.arm-none.win32_1.17.0.201812190825/tools/compiler/bin/../lib/gcc/arm-none-eabi/7.3.1/thumb/v7-m\libgcc.a(_arm_cmpdf2.o)
 .ARM.attributes
                0x00000c98       0x1d c:/ac6/systemworkbench/plugins/fr.ac6.mcu.externaltools.arm-none.win32_1.17.0.201812190825/tools/compiler/bin/../lib/gcc/arm-none-eabi/7.3.1/thumb/v7-m\libgcc.a(_arm_unorddf2.o)
 .ARM.attributes
                0x00000cb5       0x1d c:/ac6/systemworkbench/plugins/fr.ac6.mcu.externaltools.arm-none.win32_1.17.0.201812190825/tools/compiler/bin/../lib/gcc/arm-none-eabi/7.3.1/thumb/v7-m\libgcc.a(_arm_fixdfsi.o)
 .ARM.attributes
                0x00000cd2       0x1d c:/ac6/systemworkbench/plugins/fr.ac6.mcu.externaltools.arm-none.win32_1.17.0.201812190825/tools/compiler/bin/../lib/gcc/arm-none-eabi/7.3.1/thumb/v7-m\libgcc.a(_aeabi_uldivmod.o)
 .ARM.attributes
                0x00000cef       0x2d c:/ac6/systemworkbench/plugins/fr.ac6.mcu.externaltools.arm-none.win32_1.17.0.201812190825/tools/compiler/bin/../lib/gcc/arm-none-eabi/7.3.1/thumb/v7-m\libgcc.a(_udivmoddi4.o)
 .ARM.attributes
                0x00000d1c       0x1d c:/ac6/systemworkbench/plugins/fr.ac6.mcu.externaltools.arm-none.win32_1.17.0.201812190825/tools/compiler/bin/../lib/gcc/arm-none-eabi/7.3.1/thumb/v7-m\libgcc.a(_dvmd_tls.o)
 .ARM.attributes
                0x00000d39       0x1d c:/ac6/systemworkbench/plugins/fr.ac6.mcu.externaltools.arm-none.win32_1.17.0.201812190825/tools/compiler/bin/../lib/gcc/arm-none-eabi/7.3.1/thumb/v7-m/crtn.o
OUTPUT(projet.elf elf32-littlearm)

.debug_info     0x00000000     0xf0b1
 .debug_info    0x00000000      0xbd2 appli/main.o
 .debug_info    0x00000bd2      0xcab lib/bsp/stm32f1_gpio.o
 .debug_info    0x0000187d     0x197f lib/bsp/stm32f1_sys.o
 .debug_info    0x000031fc     0x20f1 lib/bsp/stm32f1_uart.o
 .debug_info    0x000052ed     0x11fe lib/bsp/stm32f1_weak_it.o
 .debug_info    0x000064eb      0xc5c lib/bsp/system_stm32f1xx.o
 .debug_info    0x00007147      0xab7 lib/bsp/systick.o
 .debug_info    0x00007bfe      0xfb4 lib/hal/src/stm32f1xx_hal.o
 .debug_info    0x00008bb2     0x14bc lib/hal/src/stm32f1xx_hal_cortex.o
 .debug_info    0x0000a06e     0x105b lib/hal/src/stm32f1xx_hal_dma.o
 .debug_info    0x0000b0c9      0xece lib/hal/src/stm32f1xx_hal_gpio.o
 .debug_info    0x0000bf97     0x1236 lib/hal/src/stm32f1xx_hal_rcc.o
 .debug_info    0x0000d1cd     0x1ec2 lib/hal/src/stm32f1xx_hal_uart.o
 .debug_info    0x0000f08f       0x22 lib/startup_stm32f103xb.o

.debug_abbrev   0x00000000     0x2691
 .debug_abbrev  0x00000000      0x258 appli/main.o
 .debug_abbrev  0x00000258      0x245 lib/bsp/stm32f1_gpio.o
 .debug_abbrev  0x0000049d      0x4d2 lib/bsp/stm32f1_sys.o
 .debug_abbrev  0x0000096f      0x3e5 lib/bsp/stm32f1_uart.o
 .debug_abbrev  0x00000d54      0x220 lib/bsp/stm32f1_weak_it.o
 .debug_abbrev  0x00000f74      0x228 lib/bsp/system_stm32f1xx.o
 .debug_abbrev  0x0000119c      0x24c lib/bsp/systick.o
 .debug_abbrev  0x000013e8      0x301 lib/hal/src/stm32f1xx_hal.o
 .debug_abbrev  0x000016e9      0x3cd lib/hal/src/stm32f1xx_hal_cortex.o
 .debug_abbrev  0x00001ab6      0x2e5 lib/hal/src/stm32f1xx_hal_dma.o
 .debug_abbrev  0x00001d9b      0x2a7 lib/hal/src/stm32f1xx_hal_gpio.o
 .debug_abbrev  0x00002042      0x335 lib/hal/src/stm32f1xx_hal_rcc.o
 .debug_abbrev  0x00002377      0x308 lib/hal/src/stm32f1xx_hal_uart.o
 .debug_abbrev  0x0000267f       0x12 lib/startup_stm32f103xb.o

.debug_loc      0x00000000     0x3d44
 .debug_loc     0x00000000       0x21 appli/main.o
 .debug_loc     0x00000021       0x9c lib/bsp/stm32f1_gpio.o
 .debug_loc     0x000000bd      0x706 lib/bsp/stm32f1_sys.o
 .debug_loc     0x000007c3      0x6b1 lib/bsp/stm32f1_uart.o
 .debug_loc     0x00000e74       0xdf lib/bsp/system_stm32f1xx.o
 .debug_loc     0x00000f53      0x130 lib/bsp/systick.o
 .debug_loc     0x00001083       0xfd lib/hal/src/stm32f1xx_hal.o
 .debug_loc     0x00001180      0x5ad lib/hal/src/stm32f1xx_hal_cortex.o
 .debug_loc     0x0000172d      0x7aa lib/hal/src/stm32f1xx_hal_dma.o
 .debug_loc     0x00001ed7      0x44e lib/hal/src/stm32f1xx_hal_gpio.o
 .debug_loc     0x00002325      0x4f6 lib/hal/src/stm32f1xx_hal_rcc.o
 .debug_loc     0x0000281b     0x1529 lib/hal/src/stm32f1xx_hal_uart.o

.debug_aranges  0x00000000      0x908
 .debug_aranges
                0x00000000       0x30 appli/main.o
 .debug_aranges
                0x00000030       0x28 lib/bsp/stm32f1_gpio.o
 .debug_aranges
                0x00000058      0x128 lib/bsp/stm32f1_sys.o
 .debug_aranges
                0x00000180       0xb0 lib/bsp/stm32f1_uart.o
 .debug_aranges
                0x00000230      0x1b8 lib/bsp/stm32f1_weak_it.o
 .debug_aranges
                0x000003e8       0x28 lib/bsp/system_stm32f1xx.o
 .debug_aranges
                0x00000410       0x38 lib/bsp/systick.o
 .debug_aranges